main.c:90:6:send_uart	24	static
main.c:95:5:bufsize	24	static
main.c:102:6:bufclear	16	static
main.c:109:6:HAL_TIM_PeriodElapsedCallback	16	static
main.c:119:5:main	8216	static
main.c:197:6:SystemClock_Config	88	static
main.c:242:13:MX_ADC1_Init	24	static
main.c:300:13:MX_SPI1_Init	8	static
main.c:338:13:MX_TIM6_Init	16	static
main.c:376:13:MX_USART1_UART_Init	8	static
main.c:407:13:MX_DMA_Init	16	static
main.c:425:13:MX_GPIO_Init	48	static
main.c:458:6:HAL_ADC_ConvHalfCpltCallback	16	static
main.c:463:6:HAL_ADC_ConvCpltCallback	24	static
main.c:482:6:Error_Handler	4	static
