Archive member included to satisfy reference by file (symbol)

c:/st/stm32cubeide_1.1.0/stm32cubeide/plugins/com.st.stm32cube.ide.mcu.externaltools.gnu-tools-for-stm32.7-2018-q2-update.win32_1.0.0.201904181610/tools/bin/../lib/gcc/arm-none-eabi/7.3.1/../../../../arm-none-eabi/lib/thumb/v7e-m/fpv4-sp/hard\libc_nano.a(lib_a-errno.o)
                              Core/Src/syscalls.o (__errno)
c:/st/stm32cubeide_1.1.0/stm32cubeide/plugins/com.st.stm32cube.ide.mcu.externaltools.gnu-tools-for-stm32.7-2018-q2-update.win32_1.0.0.201904181610/tools/bin/../lib/gcc/arm-none-eabi/7.3.1/../../../../arm-none-eabi/lib/thumb/v7e-m/fpv4-sp/hard\libc_nano.a(lib_a-exit.o)
                              c:/st/stm32cubeide_1.1.0/stm32cubeide/plugins/com.st.stm32cube.ide.mcu.externaltools.gnu-tools-for-stm32.7-2018-q2-update.win32_1.0.0.201904181610/tools/bin/../lib/gcc/arm-none-eabi/7.3.1/../../../../arm-none-eabi/lib/thumb/v7e-m/fpv4-sp/hard/crt0.o (exit)
c:/st/stm32cubeide_1.1.0/stm32cubeide/plugins/com.st.stm32cube.ide.mcu.externaltools.gnu-tools-for-stm32.7-2018-q2-update.win32_1.0.0.201904181610/tools/bin/../lib/gcc/arm-none-eabi/7.3.1/../../../../arm-none-eabi/lib/thumb/v7e-m/fpv4-sp/hard\libc_nano.a(lib_a-impure.o)
                              c:/st/stm32cubeide_1.1.0/stm32cubeide/plugins/com.st.stm32cube.ide.mcu.externaltools.gnu-tools-for-stm32.7-2018-q2-update.win32_1.0.0.201904181610/tools/bin/../lib/gcc/arm-none-eabi/7.3.1/../../../../arm-none-eabi/lib/thumb/v7e-m/fpv4-sp/hard\libc_nano.a(lib_a-exit.o) (_global_impure_ptr)
c:/st/stm32cubeide_1.1.0/stm32cubeide/plugins/com.st.stm32cube.ide.mcu.externaltools.gnu-tools-for-stm32.7-2018-q2-update.win32_1.0.0.201904181610/tools/bin/../lib/gcc/arm-none-eabi/7.3.1/../../../../arm-none-eabi/lib/thumb/v7e-m/fpv4-sp/hard\libc_nano.a(lib_a-init.o)
                              c:/st/stm32cubeide_1.1.0/stm32cubeide/plugins/com.st.stm32cube.ide.mcu.externaltools.gnu-tools-for-stm32.7-2018-q2-update.win32_1.0.0.201904181610/tools/bin/../lib/gcc/arm-none-eabi/7.3.1/../../../../arm-none-eabi/lib/thumb/v7e-m/fpv4-sp/hard/crt0.o (__libc_init_array)
c:/st/stm32cubeide_1.1.0/stm32cubeide/plugins/com.st.stm32cube.ide.mcu.externaltools.gnu-tools-for-stm32.7-2018-q2-update.win32_1.0.0.201904181610/tools/bin/../lib/gcc/arm-none-eabi/7.3.1/../../../../arm-none-eabi/lib/thumb/v7e-m/fpv4-sp/hard\libc_nano.a(lib_a-memset.o)
                              c:/st/stm32cubeide_1.1.0/stm32cubeide/plugins/com.st.stm32cube.ide.mcu.externaltools.gnu-tools-for-stm32.7-2018-q2-update.win32_1.0.0.201904181610/tools/bin/../lib/gcc/arm-none-eabi/7.3.1/../../../../arm-none-eabi/lib/thumb/v7e-m/fpv4-sp/hard/crt0.o (memset)
c:/st/stm32cubeide_1.1.0/stm32cubeide/plugins/com.st.stm32cube.ide.mcu.externaltools.gnu-tools-for-stm32.7-2018-q2-update.win32_1.0.0.201904181610/tools/bin/../lib/gcc/arm-none-eabi/7.3.1/../../../../arm-none-eabi/lib/thumb/v7e-m/fpv4-sp/hard\libc_nano.a(lib_a-sprintf.o)
                              Core/Src/main.o (sprintf)
c:/st/stm32cubeide_1.1.0/stm32cubeide/plugins/com.st.stm32cube.ide.mcu.externaltools.gnu-tools-for-stm32.7-2018-q2-update.win32_1.0.0.201904181610/tools/bin/../lib/gcc/arm-none-eabi/7.3.1/../../../../arm-none-eabi/lib/thumb/v7e-m/fpv4-sp/hard\libc_nano.a(lib_a-strlen.o)
                              Core/Src/main.o (strlen)
c:/st/stm32cubeide_1.1.0/stm32cubeide/plugins/com.st.stm32cube.ide.mcu.externaltools.gnu-tools-for-stm32.7-2018-q2-update.win32_1.0.0.201904181610/tools/bin/../lib/gcc/arm-none-eabi/7.3.1/../../../../arm-none-eabi/lib/thumb/v7e-m/fpv4-sp/hard\libc_nano.a(lib_a-nano-svfprintf.o)
                              c:/st/stm32cubeide_1.1.0/stm32cubeide/plugins/com.st.stm32cube.ide.mcu.externaltools.gnu-tools-for-stm32.7-2018-q2-update.win32_1.0.0.201904181610/tools/bin/../lib/gcc/arm-none-eabi/7.3.1/../../../../arm-none-eabi/lib/thumb/v7e-m/fpv4-sp/hard\libc_nano.a(lib_a-sprintf.o) (_svfprintf_r)
c:/st/stm32cubeide_1.1.0/stm32cubeide/plugins/com.st.stm32cube.ide.mcu.externaltools.gnu-tools-for-stm32.7-2018-q2-update.win32_1.0.0.201904181610/tools/bin/../lib/gcc/arm-none-eabi/7.3.1/../../../../arm-none-eabi/lib/thumb/v7e-m/fpv4-sp/hard\libc_nano.a(lib_a-nano-vfprintf_i.o)
                              c:/st/stm32cubeide_1.1.0/stm32cubeide/plugins/com.st.stm32cube.ide.mcu.externaltools.gnu-tools-for-stm32.7-2018-q2-update.win32_1.0.0.201904181610/tools/bin/../lib/gcc/arm-none-eabi/7.3.1/../../../../arm-none-eabi/lib/thumb/v7e-m/fpv4-sp/hard\libc_nano.a(lib_a-nano-svfprintf.o) (_printf_i)
c:/st/stm32cubeide_1.1.0/stm32cubeide/plugins/com.st.stm32cube.ide.mcu.externaltools.gnu-tools-for-stm32.7-2018-q2-update.win32_1.0.0.201904181610/tools/bin/../lib/gcc/arm-none-eabi/7.3.1/../../../../arm-none-eabi/lib/thumb/v7e-m/fpv4-sp/hard\libc_nano.a(lib_a-memchr.o)
[...]
Memory Configuration

Name             Origin             Length             Attributes
RAM              0x0000000020000000 0x0000000000020000 xrw
FLASH            0x0000000008000000 0x0000000000080000 xr
*default*        0x0000000000000000 0xffffffffffffffff

Linker script and memory map

LOAD c:/st/stm32cubeide_1.1.0/stm32cubeide/plugins/com.st.stm32cube.ide.mcu.externaltools.gnu-tools-for-stm32.7-2018-q2-update.win32_1.0.0.201904181610/tools/bin/../lib/gcc/arm-none-eabi/7.3.1/thumb/v7e-m/fpv4-sp/hard/crti.o
LOAD c:/st/stm32cubeide_1.1.0/stm32cubeide/plugins/com.st.stm32cube.ide.mcu.externaltools.gnu-tools-for-stm32.7-2018-q2-update.win32_1.0.0.201904181610/tools/bin/../lib/gcc/arm-none-eabi/7.3.1/thumb/v7e-m/fpv4-sp/hard/crtbegin.o
LOAD c:/st/stm32cubeide_1.1.0/stm32cubeide/plugins/com.st.stm32cube.ide.mcu.externaltools.gnu-tools-for-stm32.7-2018-q2-update.win32_1.0.0.201904181610/tools/bin/../lib/gcc/arm-none-eabi/7.3.1/../../../../arm-none-eabi/lib/thumb/v7e-m/fpv4-sp/hard/crt0.o
LOAD Core/Src/fatfs_sd.o
LOAD Core/Src/main.o
LOAD Core/Src/stm32f4xx_hal_msp.o
LOAD Core/Src/stm32f4xx_it.o
LOAD Core/Src/syscalls.o
LOAD Core/Src/sysmem.o
LOAD Core/Src/system_stm32f4xx.o
LOAD Core/Startup/startup_stm32f446zetx.o
LOAD Drivers/STM32F4xx_HAL_Driver/Src/stm32f4xx_hal.o
LOAD Drivers/STM32F4xx_HAL_Driver/Src/stm32f4xx_hal_adc.o
LOAD Drivers/STM32F4xx_HAL_Driver/Src/stm32f4xx_hal_adc_ex.o
LOAD Drivers/STM32F4xx_HAL_Driver/Src/stm32f4xx_hal_cortex.o
LOAD Drivers/STM32F4xx_HAL_Driver/Src/stm32f4xx_hal_dma.o
LOAD Drivers/STM32F4xx_HAL_Driver/Src/stm32f4xx_hal_dma_ex.o
LOAD Drivers/STM32F4xx_HAL_Driver/Src/stm32f4xx_hal_exti.o
LOAD Drivers/STM32F4xx_HAL_Driver/Src/stm32f4xx_hal_flash.o
LOAD Drivers/STM32F4xx_HAL_Driver/Src/stm32f4xx_hal_flash_ex.o
LOAD Drivers/STM32F4xx_HAL_Driver/Src/stm32f4xx_hal_flash_ramfunc.o
LOAD Drivers/STM32F4xx_HAL_Driver/Src/stm32f4xx_hal_gpio.o
LOAD Drivers/STM32F4xx_HAL_Driver/Src/stm32f4xx_hal_pwr.o
LOAD Drivers/STM32F4xx_HAL_Driver/Src/stm32f4xx_hal_pwr_ex.o
LOAD Drivers/STM32F4xx_HAL_Driver/Src/stm32f4xx_hal_rcc.o
LOAD Drivers/STM32F4xx_HAL_Driver/Src/stm32f4xx_hal_rcc_ex.o
LOAD Drivers/STM32F4xx_HAL_Driver/Src/stm32f4xx_hal_spi.o
LOAD Drivers/STM32F4xx_HAL_Driver/Src/stm32f4xx_hal_tim.o
LOAD Drivers/STM32F4xx_HAL_Driver/Src/stm32f4xx_hal_tim_ex.o
LOAD Drivers/STM32F4xx_HAL_Driver/Src/stm32f4xx_hal_uart.o
LOAD FATFS/App/fatfs.o
LOAD FATFS/Target/user_diskio.o
LOAD Middlewares/Third_Party/FatFs/src/diskio.o
LOAD Middlewares/Third_Party/FatFs/src/ff.o
LOAD Middlewares/Third_Party/FatFs/src/ff_gen_drv.o
LOAD Middlewares/Third_Party/FatFs/src/option/ccsbcs.o
LOAD Middlewares/Third_Party/FatFs/src/option/syscall.o
START GROUP
LOAD c:/st/stm32cubeide_1.1.0/stm32cubeide/plugins/com.st.stm32cube.ide.mcu.externaltools.gnu-tools-for-stm32.7-2018-q2-update.win32_1.0.0.201904181610/tools/bin/../lib/gcc/arm-none-eabi/7.3.1/../../../../arm-none-eabi/lib/thumb/v7e-m/fpv4-sp/hard\libc_nano.a
LOAD c:/st/stm32cubeide_1.1.0/stm32cubeide/plugins/com.st.stm32cube.ide.mcu.externaltools.gnu-tools-for-stm32.7-2018-q2-update.win32_1.0.0.201904181610/tools/bin/../lib/gcc/arm-none-eabi/7.3.1/../../../../arm-none-eabi/lib/thumb/v7e-m/fpv4-sp/hard\libm.a
END GROUP
START GROUP
LOAD c:/st/stm32cubeide_1.1.0/stm32cubeide/plugins/com.st.stm32cube.ide.mcu.externaltools.gnu-tools-for-stm32.7-2018-q2-update.win32_1.0.0.201904181610/tools/bin/../lib/gcc/arm-none-eabi/7.3.1/thumb/v7e-m/fpv4-sp/hard\libgcc.a
LOAD c:/st/stm32cubeide_1.1.0/stm32cubeide/plugins/com.st.stm32cube.ide.mcu.externaltools.gnu-tools-for-stm32.7-2018-q2-update.win32_1.0.0.201904181610/tools/bin/../lib/gcc/arm-none-eabi/7.3.1/../../../../arm-none-eabi/lib/thumb/v7e-m/fpv4-sp/hard\libc_nano.a
END GROUP
START GROUP
LOAD c:/st/stm32cubeide_1.1.0/stm32cubeide/plugins/com.st.stm32cube.ide.mcu.externaltools.gnu-tools-for-stm32.7-2018-q2-update.win32_1.0.0.201904181610/tools/bin/../lib/gcc/arm-none-eabi/7.3.1/thumb/v7e-m/fpv4-sp/hard\libgcc.a
LOAD c:/st/stm32cubeide_1.1.0/stm32cubeide/plugins/com.st.stm32cube.ide.mcu.externaltools.gnu-tools-for-stm32.7-2018-q2-update.win32_1.0.0.201904181610/tools/bin/../lib/gcc/arm-none-eabi/7.3.1/../../../../arm-none-eabi/lib/thumb/v7e-m/fpv4-sp/hard\libc_nano.a
LOAD c:/st/stm32cubeide_1.1.0/stm32cubeide/plugins/com.st.stm32cube.ide.mcu.externaltools.gnu-tools-for-stm32.7-2018-q2-update.win32_1.0.0.201904181610/tools/bin/../lib/gcc/arm-none-eabi/7.3.1/../../../../arm-none-eabi/lib/thumb/v7e-m/fpv4-sp/hard\libnosys.a
END GROUP
START GROUP
LOAD c:/st/stm32cubeide_1.1.0/stm32cubeide/plugins/com.st.stm32cube.ide.mcu.externaltools.gnu-tools-for-stm32.7-2018-q2-update.win32_1.0.0.201904181610/tools/bin/../lib/gcc/arm-none-eabi/7.3.1/thumb/v7e-m/fpv4-sp/hard\libgcc.a
LOAD c:/st/stm32cubeide_1.1.0/stm32cubeide/plugins/com.st.stm32cube.ide.mcu.externaltools.gnu-tools-for-stm32.7-2018-q2-update.win32_1.0.0.201904181610/tools/bin/../lib/gcc/arm-none-eabi/7.3.1/../../../../arm-none-eabi/lib/thumb/v7e-m/fpv4-sp/hard\libc_nano.a
LOAD c:/st/stm32cubeide_1.1.0/stm32cubeide/plugins/com.st.stm32cube.ide.mcu.externaltools.gnu-tools-for-stm32.7-2018-q2-update.win32_1.0.0.201904181610/tools/bin/../lib/gcc/arm-none-eabi/7.3.1/../../../../arm-none-eabi/lib/thumb/v7e-m/fpv4-sp/hard\libnosys.a
END GROUP
LOAD c:/st/stm32cubeide_1.1.0/stm32cubeide/plugins/com.st.stm32cube.ide.mcu.externaltools.gnu-tools-for-stm32.7-2018-q2-update.win32_1.0.0.201904181610/tools/bin/../lib/gcc/arm-none-eabi/7.3.1/thumb/v7e-m/fpv4-sp/hard/crtend.o
LOAD c:/st/stm32cubeide_1.1.0/stm32cubeide/plugins/com.st.stm32cube.ide.mcu.externaltools.gnu-tools-for-stm32.7-2018-q2-update.win32_1.0.0.201904181610/tools/bin/../lib/gcc/arm-none-eabi/7.3.1/thumb/v7e-m/fpv4-sp/hard/crtn.o
                0x0000000020020000                _estack = (ORIGIN (RAM) + LENGTH (RAM))
                0x0000000000000200                _Min_Heap_Size = 0x200
                0x0000000000000400                _Min_Stack_Size = 0x400

.isr_vector     0x0000000008000000      0x1c4
                0x0000000008000000                . = ALIGN (0x4)
 *(.isr_vector)
 .isr_vector    0x0000000008000000      0x1c4 Core/Startup/startup_stm32f446zetx.o
                0x0000000008000000                g_pfnVectors
                0x00000000080001c4                . = ALIGN (0x4)

.text           0x00000000080001d0     0x8fe4
                0x00000000080001d0                . = ALIGN (0x4)
 *(.text)
 .text          0x00000000080001d0       0x40 c:/st/stm32cubeide_1.1.0/stm32cubeide/plugins/com.st.stm32cube.ide.mcu.externaltools.gnu-tools-for-stm32.7-2018-q2-update.win32_1.0.0.201904181610/tools/bin/../lib/gcc/arm-none-eabi/7.3.1/thumb/v7e-m/fpv4-sp/hard/crtbegin.o
 .text          0x0000000008000210       0x10 c:/st/stm32cubeide_1.1.0/stm32cubeide/plugins/com.st.stm32cube.ide.mcu.externaltools.gnu-tools-for-stm32.7-2018-q2-update.win32_1.0.0.201904181610/tools/bin/../lib/gcc/arm-none-eabi/7.3.1/../../../../arm-none-eabi/lib/thumb/v7e-m/fpv4-sp/hard\libc_nano.a(lib_a-strlen.o)
                0x0000000008000210                strlen
 .text          0x0000000008000220       0xa0 c:/st/stm32cubeide_1.1.0/stm32cubeide/plugins/com.st.stm32cube.ide.mcu.externaltools.gnu-tools-for-stm32.7-2018-q2-update.win32_1.0.0.201904181610/tools/bin/../lib/gcc/arm-none-eabi/7.3.1/../../../../arm-none-eabi/lib/thumb/v7e-m/fpv4-sp/hard\libc_nano.a(lib_a-memchr.o)
                0x0000000008000220                memchr
 .text          0x00000000080002c0      0x378 c:/st/stm32cubeide_1.1.0/stm32cubeide/plugins/com.st.stm32cube.ide.mcu.externaltools.gnu-tools-for-stm32.7-2018-q2-update.win32_1.0.0.201904181610/tools/bin/../lib/gcc/arm-none-eabi/7.3.1/thumb/v7e-m/fpv4-sp/hard\libgcc.a(_arm_addsubdf3.o)
                0x00000000080002c0                __aeabi_drsub
                0x00000000080002c8                __aeabi_dsub
                0x00000000080002c8                __subdf3
                0x00000000080002cc                __aeabi_dadd
                0x00000000080002cc                __adddf3
                0x0000000008000544                __floatunsidf
                0x0000000008000544                __aeabi_ui2d
                0x0000000008000564                __floatsidf
                0x0000000008000564                __aeabi_i2d
                0x0000000008000588                __aeabi_f2d
                0x0000000008000588                __extendsfdf2
                0x00000000080005cc                __floatundidf
                0x00000000080005cc                __aeabi_ul2d
                0x00000000080005dc                __floatdidf
                0x00000000080005dc                __aeabi_l2d
 .text          0x0000000008000638      0x424 c:/st/stm32cubeide_1.1.0/stm32cubeide/plugins/com.st.stm32cube.ide.mcu.externaltools.gnu-tools-for-stm32.7-2018-q2-update.win32_1.0.0.201904181610/tools/bin/../lib/gcc/arm-none-eabi/7.3.1/thumb/v7e-m/fpv4-sp/hard\libgcc.a(_arm_muldivdf3.o)
                0x0000000008000638                __aeabi_dmul
                0x0000000008000638                __muldf3
                0x000000000800088c                __divdf3
                0x000000000800088c                __aeabi_ddiv
 .text          0x0000000008000a5c       0x40 c:/st/stm32cubeide_1.1.0/stm32cubeide/plugins/com.st.stm32cube.ide.mcu.externaltools.gnu-tools-for-stm32.7-2018-q2-update.win32_1.0.0.201904181610/tools/bin/../lib/gcc/arm-none-eabi/7.3.1/thumb/v7e-m/fpv4-sp/hard\libgcc.a(_arm_fixunsdfsi.o)
                0x0000000008000a5c                __aeabi_d2uiz
                0x0000000008000a5c                __fixunsdfsi
 .text          0x0000000008000a9c       0x30 c:/st/stm32cubeide_1.1.0/stm32cubeide/plugins/com.st.stm32cube.ide.mcu.externaltools.gnu-tools-for-stm32.7-2018-q2-update.win32_1.0.0.201904181610/tools/bin/../lib/gcc/arm-none-eabi/7.3.1/thumb/v7e-m/fpv4-sp/hard\libgcc.a(_aeabi_uldivmod.o)
                0x0000000008000a9c                __aeabi_uldivmod
 .text          0x0000000008000acc      0x2cc c:/st/stm32cubeide_1.1.0/stm32cubeide/plugins/com.st.stm32cube.ide.mcu.externaltools.gnu-tools-for-stm32.7-2018-q2-update.win32_1.0.0.201904181610/tools/bin/../lib/gcc/arm-none-eabi/7.3.1/thumb/v7e-m/fpv4-sp/hard\libgcc.a(_udivmoddi4.o)
                0x0000000008000acc                __udivmoddi4
 .text          0x0000000008000d98        0x4 c:/st/stm32cubeide_1.1.0/stm32cubeide/plugins/com.st.stm32cube.ide.mcu.externaltools.gnu-tools-for-stm32.7-2018-q2-update.win32_1.0.0.201904181610/tools/bin/../lib/gcc/arm-none-eabi/7.3.1/thumb/v7e-m/fpv4-sp/hard\libgcc.a(_dvmd_tls.o)
                0x0000000008000d98                __aeabi_idiv0
                0x0000000008000d98                __aeabi_ldiv0
 *(.text*)
 .text.SELECT   0x0000000008000d9c       0x18 Core/Src/fatfs_sd.o
 .text.DESELECT
                0x0000000008000db4       0x18 Core/Src/fatfs_sd.o
 .text.SPI_TxByte
                0x0000000008000dcc       0x34 Core/Src/fatfs_sd.o
 .text.SPI_RxByte
                0x0000000008000e00       0x3c Core/Src/fatfs_sd.o
 .text.SPI_RxBytePtr
                0x0000000008000e3c       0x1c Core/Src/fatfs_sd.o
 .text.SD_ReadyWait
                0x0000000008000e58       0x38 Core/Src/fatfs_sd.o
 .text.SD_PowerOn
                0x0000000008000e90       0x98 Core/Src/fatfs_sd.o
 .text.SD_PowerOff
                0x0000000008000f28       0x18 Core/Src/fatfs_sd.o
 .text.SD_CheckPower
                0x0000000008000f40       0x18 Core/Src/fatfs_sd.o
 .text.SD_RxDataBlock
                0x0000000008000f58       0x6c Core/Src/fatfs_sd.o
 .text.SD_TxDataBlock
                0x0000000008000fc4       0xa8 Core/Src/fatfs_sd.o
 .text.SD_SendCmd
                0x000000000800106c       0xa4 Core/Src/fatfs_sd.o
 .text.SD_disk_initialize
                0x0000000008001110      0x1d4 Core/Src/fatfs_sd.o
                0x0000000008001110                SD_disk_initialize
 .text.SD_disk_status
                0x00000000080012e4       0x2c Core/Src/fatfs_sd.o
                0x00000000080012e4                SD_disk_status
 .text.SD_disk_read
                0x0000000008001310       0xd4 Core/Src/fatfs_sd.o
                0x0000000008001310                SD_disk_read
 .text.SD_disk_write
                0x00000000080013e4      0x108 Core/Src/fatfs_sd.o
                0x00000000080013e4                SD_disk_write
 .text.SD_disk_ioctl
                0x00000000080014ec      0x25c Core/Src/fatfs_sd.o
                0x00000000080014ec                SD_disk_ioctl
 .text.send_uart
                0x0000000008001748       0x30 Core/Src/main.o
                0x0000000008001748                send_uart
 .text.bufclear
                0x0000000008001778       0x34 Core/Src/main.o
                0x0000000008001778                bufclear
 .text.HAL_TIM_PeriodElapsedCallback
                0x00000000080017ac       0x34 Core/Src/main.o
                0x00000000080017ac                HAL_TIM_PeriodElapsedCallback
 .text.main     0x00000000080017e0      0x1cc Core/Src/main.o
                0x00000000080017e0                main
 .text.SystemClock_Config
                0x00000000080019ac       0xd8 Core/Src/main.o
                0x00000000080019ac                SystemClock_Config
 .text.MX_ADC1_Init
                0x0000000008001a84       0xc0 Core/Src/main.o
 .text.MX_SPI1_Init
                0x0000000008001b44       0x6c Core/Src/main.o
 .text.MX_TIM6_Init
                0x0000000008001bb0       0x6c Core/Src/main.o
 .text.MX_USART1_UART_Init
                0x0000000008001c1c       0x54 Core/Src/main.o
 .text.MX_DMA_Init
                0x0000000008001c70       0x40 Core/Src/main.o
 .text.MX_GPIO_Init
                0x0000000008001cb0       0xec Core/Src/main.o
 .text.HAL_ADC_ConvHalfCpltCallback
                0x0000000008001d9c       0x20 Core/Src/main.o
                0x0000000008001d9c                HAL_ADC_ConvHalfCpltCallback
 .text.HAL_ADC_ConvCpltCallback
                0x0000000008001dbc       0x8c Core/Src/main.o
                0x0000000008001dbc                HAL_ADC_ConvCpltCallback
 .text.Error_Handler
                0x0000000008001e48        0xe Core/Src/main.o
                0x0000000008001e48                Error_Handler
 *fill*         0x0000000008001e56        0x2 
 .text.HAL_MspInit
                0x0000000008001e58       0x50 Core/Src/stm32f4xx_hal_msp.o
                0x0000000008001e58                HAL_MspInit
 .text.HAL_ADC_MspInit
                0x0000000008001ea8      0x128 Core/Src/stm32f4xx_hal_msp.o
                0x0000000008001ea8                HAL_ADC_MspInit
 .text.HAL_SPI_MspInit
                0x0000000008001fd0       0x90 Core/Src/stm32f4xx_hal_msp.o
                0x0000000008001fd0                HAL_SPI_MspInit
 .text.HAL_TIM_Base_MspInit
                0x0000000008002060       0x50 Core/Src/stm32f4xx_hal_msp.o
                0x0000000008002060                HAL_TIM_Base_MspInit
 .text.HAL_UART_MspInit
                0x00000000080020b0       0x90 Core/Src/stm32f4xx_hal_msp.o
                0x00000000080020b0                HAL_UART_MspInit
 .text.SDTimerHandler
                0x0000000008002140       0x48 Core/Src/stm32f4xx_it.o
                0x0000000008002140                SDTimerHandler
 .text.NMI_Handler
                0x0000000008002188        0xe Core/Src/stm32f4xx_it.o
                0x0000000008002188                NMI_Handler
 .text.HardFault_Handler
                0x0000000008002196        0x6 Core/Src/stm32f4xx_it.o
                0x0000000008002196                HardFault_Handler
 .text.MemManage_Handler
                0x000000000800219c        0x6 Core/Src/stm32f4xx_it.o
                0x000000000800219c                MemManage_Handler
 .text.BusFault_Handler
                0x00000000080021a2        0x6 Core/Src/stm32f4xx_it.o
                0x00000000080021a2                BusFault_Handler
 .text.UsageFault_Handler
                0x00000000080021a8        0x6 Core/Src/stm32f4xx_it.o
                0x00000000080021a8                UsageFault_Handler
 .text.SVC_Handler
                0x00000000080021ae        0xe Core/Src/stm32f4xx_it.o
                0x00000000080021ae                SVC_Handler
 .text.DebugMon_Handler
                0x00000000080021bc        0xe Core/Src/stm32f4xx_it.o
                0x00000000080021bc                DebugMon_Handler
 .text.PendSV_Handler
                0x00000000080021ca        0xe Core/Src/stm32f4xx_it.o
                0x00000000080021ca                PendSV_Handler
 .text.SysTick_Handler
                0x00000000080021d8       0x34 Core/Src/stm32f4xx_it.o
                0x00000000080021d8                SysTick_Handler
 .text.TIM6_DAC_IRQHandler
                0x000000000800220c       0x14 Core/Src/stm32f4xx_it.o
                0x000000000800220c                TIM6_DAC_IRQHandler
 .text.DMA2_Stream0_IRQHandler
                0x0000000008002220       0x14 Core/Src/stm32f4xx_it.o
                0x0000000008002220                DMA2_Stream0_IRQHandler
 .text._sbrk    0x0000000008002234       0x58 Core/Src/sysmem.o
                0x0000000008002234                _sbrk
 .text.SystemInit
                0x000000000800228c       0x2c Core/Src/system_stm32f4xx.o
                0x000000000800228c                SystemInit
 .text.Reset_Handler
                0x00000000080022b8       0x50 Core/Startup/startup_stm32f446zetx.o
                0x00000000080022b8                Reset_Handler
 .text.Default_Handler
                0x0000000008002308        0x2 Core/Startup/startup_stm32f446zetx.o
                0x0000000008002308                RTC_Alarm_IRQHandler
                0x0000000008002308                EXTI2_IRQHandler
                0x0000000008002308                TIM8_CC_IRQHandler
                0x0000000008002308                FMPI2C1_EV_IRQHandler
                0x0000000008002308                SPI4_IRQHandler
                0x0000000008002308                TIM1_CC_IRQHandler
                0x0000000008002308                DMA2_Stream5_IRQHandler
                0x0000000008002308                DMA1_Stream5_IRQHandler
                0x0000000008002308                PVD_IRQHandler
                0x0000000008002308                SDIO_IRQHandler
                0x0000000008002308                TAMP_STAMP_IRQHandler
                0x0000000008002308                CAN2_RX1_IRQHandler
                0x0000000008002308                EXTI3_IRQHandler
                0x0000000008002308                TIM8_TRG_COM_TIM14_IRQHandler
                0x0000000008002308                TIM1_UP_TIM10_IRQHandler
                0x0000000008002308                TIM8_UP_TIM13_IRQHandler
                0x0000000008002308                I2C3_ER_IRQHandler
                0x0000000008002308                EXTI0_IRQHandler
                0x0000000008002308                I2C2_EV_IRQHandler
                0x0000000008002308                DMA1_Stream2_IRQHandler
                0x0000000008002308                CAN1_RX0_IRQHandler
                0x0000000008002308                FPU_IRQHandler
                0x0000000008002308                OTG_HS_WKUP_IRQHandler
                0x0000000008002308                CAN2_SCE_IRQHandler
                0x0000000008002308                DMA2_Stream2_IRQHandler
                0x0000000008002308                SPI1_IRQHandler
                0x0000000008002308                TIM1_BRK_TIM9_IRQHandler
                0x0000000008002308                DCMI_IRQHandler
                0x0000000008002308                CAN2_RX0_IRQHandler
                0x0000000008002308                DMA2_Stream3_IRQHandler
                0x0000000008002308                SAI2_IRQHandler
                0x0000000008002308                USART6_IRQHandler
                0x0000000008002308                USART3_IRQHandler
                0x0000000008002308                CAN1_RX1_IRQHandler
                0x0000000008002308                UART5_IRQHandler
                0x0000000008002308                TIM4_IRQHandler
                0x0000000008002308                QUADSPI_IRQHandler
                0x0000000008002308                I2C1_EV_IRQHandler
                0x0000000008002308                DMA1_Stream6_IRQHandler
                0x0000000008002308                DMA1_Stream1_IRQHandler
                0x0000000008002308                UART4_IRQHandler
                0x0000000008002308                TIM3_IRQHandler
                0x0000000008002308                RCC_IRQHandler
                0x0000000008002308                TIM8_BRK_TIM12_IRQHandler
                0x0000000008002308                Default_Handler
                0x0000000008002308                CEC_IRQHandler
                0x0000000008002308                EXTI15_10_IRQHandler
                0x0000000008002308                ADC_IRQHandler
                0x0000000008002308                DMA1_Stream7_IRQHandler
                0x0000000008002308                TIM7_IRQHandler
                0x0000000008002308                CAN2_TX_IRQHandler
                0x0000000008002308                TIM5_IRQHandler
                0x0000000008002308                DMA2_Stream7_IRQHandler
                0x0000000008002308                I2C3_EV_IRQHandler
                0x0000000008002308                EXTI9_5_IRQHandler
                0x0000000008002308                RTC_WKUP_IRQHandler
                0x0000000008002308                SPDIF_RX_IRQHandler
                0x0000000008002308                SPI2_IRQHandler
                0x0000000008002308                OTG_HS_EP1_IN_IRQHandler
                0x0000000008002308                DMA1_Stream0_IRQHandler
                0x0000000008002308                CAN1_TX_IRQHandler
                0x0000000008002308                FMPI2C1_ER_IRQHandler
                0x0000000008002308                EXTI4_IRQHandler
                0x0000000008002308                OTG_HS_EP1_OUT_IRQHandler
                0x0000000008002308                WWDG_IRQHandler
                0x0000000008002308                TIM2_IRQHandler
                0x0000000008002308                OTG_FS_WKUP_IRQHandler
                0x0000000008002308                TIM1_TRG_COM_TIM11_IRQHandler
                0x0000000008002308                OTG_HS_IRQHandler
                0x0000000008002308                EXTI1_IRQHandler
                0x0000000008002308                USART2_IRQHandler
                0x0000000008002308                I2C2_ER_IRQHandler
                0x0000000008002308                DMA2_Stream1_IRQHandler
                0x0000000008002308                CAN1_SCE_IRQHandler
                0x0000000008002308                FLASH_IRQHandler
                0x0000000008002308                DMA2_Stream4_IRQHandler
                0x0000000008002308                USART1_IRQHandler
                0x0000000008002308                OTG_FS_IRQHandler
                0x0000000008002308                SPI3_IRQHandler
                0x0000000008002308                DMA1_Stream4_IRQHandler
                0x0000000008002308                I2C1_ER_IRQHandler
                0x0000000008002308                FMC_IRQHandler
                0x0000000008002308                DMA2_Stream6_IRQHandler
                0x0000000008002308                SAI1_IRQHandler
                0x0000000008002308                DMA1_Stream3_IRQHandler
 *fill*         0x000000000800230a        0x2 
 .text.HAL_Init
                0x000000000800230c       0x44 Drivers/STM32F4xx_HAL_Driver/Src/stm32f4xx_hal.o
                0x000000000800230c                HAL_Init
 .text.HAL_InitTick
                0x0000000008002350       0x60 Drivers/STM32F4xx_HAL_Driver/Src/stm32f4xx_hal.o
                0x0000000008002350                HAL_InitTick
 .text.HAL_IncTick
                0x00000000080023b0       0x28 Drivers/STM32F4xx_HAL_Driver/Src/stm32f4xx_hal.o
                0x00000000080023b0                HAL_IncTick
 .text.HAL_GetTick
                0x00000000080023d8       0x18 Drivers/STM32F4xx_HAL_Driver/Src/stm32f4xx_hal.o
                0x00000000080023d8                HAL_GetTick
 .text.HAL_ADC_Init
                0x00000000080023f0       0x86 Drivers/STM32F4xx_HAL_Driver/Src/stm32f4xx_hal_adc.o
                0x00000000080023f0                HAL_ADC_Init
 *fill*         0x0000000008002476        0x2 
 .text.HAL_ADC_Start_DMA
                0x0000000008002478      0x1e4 Drivers/STM32F4xx_HAL_Driver/Src/stm32f4xx_hal_adc.o
                0x0000000008002478                HAL_ADC_Start_DMA
 .text.HAL_ADC_ErrorCallback
                0x000000000800265c       0x14 Drivers/STM32F4xx_HAL_Driver/Src/stm32f4xx_hal_adc.o
                0x000000000800265c                HAL_ADC_ErrorCallback
 .text.HAL_ADC_ConfigChannel
                0x0000000008002670      0x264 Drivers/STM32F4xx_HAL_Driver/Src/stm32f4xx_hal_adc.o
                0x0000000008002670                HAL_ADC_ConfigChannel
 .text.ADC_Init
                0x00000000080028d4      0x1f8 Drivers/STM32F4xx_HAL_Driver/Src/stm32f4xx_hal_adc.o
 .text.ADC_DMAConvCplt
                0x0000000008002acc       0xba Drivers/STM32F4xx_HAL_Driver/Src/stm32f4xx_hal_adc.o
 .text.ADC_DMAHalfConvCplt
                0x0000000008002b86       0x1c Drivers/STM32F4xx_HAL_Driver/Src/stm32f4xx_hal_adc.o
 .text.ADC_DMAError
                0x0000000008002ba2       0x2e Drivers/STM32F4xx_HAL_Driver/Src/stm32f4xx_hal_adc.o
 .text.__NVIC_SetPriorityGrouping
                0x0000000008002bd0       0x48 Drivers/STM32F4xx_HAL_Driver/Src/stm32f4xx_hal_cortex.o
 .text.__NVIC_GetPriorityGrouping
                0x0000000008002c18       0x1c Drivers/STM32F4xx_HAL_Driver/Src/stm32f4xx_hal_cortex.o
 .text.__NVIC_EnableIRQ
                0x0000000008002c34       0x3c Drivers/STM32F4xx_HAL_Driver/Src/stm32f4xx_hal_cortex.o
 .text.__NVIC_SetPriority
                0x0000000008002c70       0x54 Drivers/STM32F4xx_HAL_Driver/Src/stm32f4xx_hal_cortex.o
 .text.NVIC_EncodePriority
                0x0000000008002cc4       0x66 Drivers/STM32F4xx_HAL_Driver/Src/stm32f4xx_hal_cortex.o
 *fill*         0x0000000008002d2a        0x2 
 .text.SysTick_Config
                0x0000000008002d2c       0x44 Drivers/STM32F4xx_HAL_Driver/Src/stm32f4xx_hal_cortex.o
 .text.HAL_NVIC_SetPriorityGrouping
                0x0000000008002d70       0x16 Drivers/STM32F4xx_HAL_Driver/Src/stm32f4xx_hal_cortex.o
                0x0000000008002d70                HAL_NVIC_SetPriorityGrouping
 .text.HAL_NVIC_SetPriority
                0x0000000008002d86       0x38 Drivers/STM32F4xx_HAL_Driver/Src/stm32f4xx_hal_cortex.o
                0x0000000008002d86                HAL_NVIC_SetPriority
 .text.HAL_NVIC_EnableIRQ
                0x0000000008002dbe       0x1c Drivers/STM32F4xx_HAL_Driver/Src/stm32f4xx_hal_cortex.o
                0x0000000008002dbe                HAL_NVIC_EnableIRQ
 .text.HAL_SYSTICK_Config
                0x0000000008002dda       0x18 Drivers/STM32F4xx_HAL_Driver/Src/stm32f4xx_hal_cortex.o
                0x0000000008002dda                HAL_SYSTICK_Config
 *fill*         0x0000000008002df2        0x2 
 .text.HAL_DMA_Init
                0x0000000008002df4      0x15c Drivers/STM32F4xx_HAL_Driver/Src/stm32f4xx_hal_dma.o
                0x0000000008002df4                HAL_DMA_Init
 .text.HAL_DMA_Start_IT
                0x0000000008002f50       0xb0 Drivers/STM32F4xx_HAL_Driver/Src/stm32f4xx_hal_dma.o
                0x0000000008002f50                HAL_DMA_Start_IT
 .text.HAL_DMA_IRQHandler
                0x0000000008003000      0x314 Drivers/STM32F4xx_HAL_Driver/Src/stm32f4xx_hal_dma.o
                0x0000000008003000                HAL_DMA_IRQHandler
 .text.DMA_SetConfig
                0x0000000008003314       0x5c Drivers/STM32F4xx_HAL_Driver/Src/stm32f4xx_hal_dma.o
 .text.DMA_CalcBaseAndBitshift
                0x0000000008003370       0x6c Drivers/STM32F4xx_HAL_Driver/Src/stm32f4xx_hal_dma.o
 .text.DMA_CheckFifoParam
                0x00000000080033dc       0xf4 Drivers/STM32F4xx_HAL_Driver/Src/stm32f4xx_hal_dma.o
 .text.HAL_GPIO_Init
                0x00000000080034d0      0x324 Drivers/STM32F4xx_HAL_Driver/Src/stm32f4xx_hal_gpio.o
                0x00000000080034d0                HAL_GPIO_Init
 .text.HAL_GPIO_WritePin
                0x00000000080037f4       0x32 Drivers/STM32F4xx_HAL_Driver/Src/stm32f4xx_hal_gpio.o
                0x00000000080037f4                HAL_GPIO_WritePin
 *fill*         0x0000000008003826        0x2 
 .text.HAL_RCC_ClockConfig
                0x0000000008003828      0x1cc Drivers/STM32F4xx_HAL_Driver/Src/stm32f4xx_hal_rcc.o
                0x0000000008003828                HAL_RCC_ClockConfig
 .text.HAL_RCC_GetHCLKFreq
                0x00000000080039f4       0x18 Drivers/STM32F4xx_HAL_Driver/Src/stm32f4xx_hal_rcc.o
                0x00000000080039f4                HAL_RCC_GetHCLKFreq
 .text.HAL_RCC_GetPCLK1Freq
                0x0000000008003a0c       0x28 Drivers/STM32F4xx_HAL_Driver/Src/stm32f4xx_hal_rcc.o
                0x0000000008003a0c                HAL_RCC_GetPCLK1Freq
 .text.HAL_RCC_GetPCLK2Freq
                0x0000000008003a34       0x28 Drivers/STM32F4xx_HAL_Driver/Src/stm32f4xx_hal_rcc.o
                0x0000000008003a34                HAL_RCC_GetPCLK2Freq
 .text.HAL_RCC_GetSysClockFreq
                0x0000000008003a5c      0x2a4 Drivers/STM32F4xx_HAL_Driver/Src/stm32f4xx_hal_rcc_ex.o
                0x0000000008003a5c                HAL_RCC_GetSysClockFreq
 .text.HAL_RCC_OscConfig
                0x0000000008003d00      0x4b4 Drivers/STM32F4xx_HAL_Driver/Src/stm32f4xx_hal_rcc_ex.o
                0x0000000008003d00                HAL_RCC_OscConfig
 .text.HAL_SPI_Init
                0x00000000080041b4       0xc8 Drivers/STM32F4xx_HAL_Driver/Src/stm32f4xx_hal_spi.o
                0x00000000080041b4                HAL_SPI_Init
 .text.HAL_SPI_Transmit
                0x000000000800427c      0x268 Drivers/STM32F4xx_HAL_Driver/Src/stm32f4xx_hal_spi.o
                0x000000000800427c                HAL_SPI_Transmit
 .text.HAL_SPI_TransmitReceive
                0x00000000080044e4      0x344 Drivers/STM32F4xx_HAL_Driver/Src/stm32f4xx_hal_spi.o
                0x00000000080044e4                HAL_SPI_TransmitReceive
 .text.HAL_SPI_GetState
                0x0000000008004828       0x1c Drivers/STM32F4xx_HAL_Driver/Src/stm32f4xx_hal_spi.o
                0x0000000008004828                HAL_SPI_GetState
 .text.SPI_WaitFlagStateUntilTimeout
                0x0000000008004844       0xd4 Drivers/STM32F4xx_HAL_Driver/Src/stm32f4xx_hal_spi.o
 .text.SPI_EndRxTxTransaction
                0x0000000008004918       0x84 Drivers/STM32F4xx_HAL_Driver/Src/stm32f4xx_hal_spi.o
 .text.HAL_TIM_Base_Init
                0x000000000800499c       0x56 Drivers/STM32F4xx_HAL_Driver/Src/stm32f4xx_hal_tim.o
                0x000000000800499c                HAL_TIM_Base_Init
 .text.HAL_TIM_Base_Start_IT
                0x00000000080049f2       0x48 Drivers/STM32F4xx_HAL_Driver/Src/stm32f4xx_hal_tim.o
                0x00000000080049f2                HAL_TIM_Base_Start_IT
 .text.HAL_TIM_IRQHandler
                0x0000000008004a3a      0x210 Drivers/STM32F4xx_HAL_Driver/Src/stm32f4xx_hal_tim.o
                0x0000000008004a3a                HAL_TIM_IRQHandler
 .text.HAL_TIM_OC_DelayElapsedCallback
                0x0000000008004c4a       0x14 Drivers/STM32F4xx_HAL_Driver/Src/stm32f4xx_hal_tim.o
                0x0000000008004c4a                HAL_TIM_OC_DelayElapsedCallback
 .text.HAL_TIM_IC_CaptureCallback
                0x0000000008004c5e       0x14 Drivers/STM32F4xx_HAL_Driver/Src/stm32f4xx_hal_tim.o
                0x0000000008004c5e                HAL_TIM_IC_CaptureCallback
 .text.HAL_TIM_PWM_PulseFinishedCallback
                0x0000000008004c72       0x14 Drivers/STM32F4xx_HAL_Driver/Src/stm32f4xx_hal_tim.o
                0x0000000008004c72                HAL_TIM_PWM_PulseFinishedCallback
 .text.HAL_TIM_TriggerCallback
                0x0000000008004c86       0x14 Drivers/STM32F4xx_HAL_Driver/Src/stm32f4xx_hal_tim.o
                0x0000000008004c86                HAL_TIM_TriggerCallback
 *fill*         0x0000000008004c9a        0x2 
 .text.TIM_Base_SetConfig
                0x0000000008004c9c      0x140 Drivers/STM32F4xx_HAL_Driver/Src/stm32f4xx_hal_tim.o
                0x0000000008004c9c                TIM_Base_SetConfig
 .text.HAL_TIMEx_MasterConfigSynchronization
                0x0000000008004ddc       0xf8 Drivers/STM32F4xx_HAL_Driver/Src/stm32f4xx_hal_tim_ex.o
                0x0000000008004ddc                HAL_TIMEx_MasterConfigSynchronization
 .text.HAL_TIMEx_CommutCallback
                0x0000000008004ed4       0x14 Drivers/STM32F4xx_HAL_Driver/Src/stm32f4xx_hal_tim_ex.o
                0x0000000008004ed4                HAL_TIMEx_CommutCallback
 .text.HAL_TIMEx_BreakCallback
                0x0000000008004ee8       0x14 Drivers/STM32F4xx_HAL_Driver/Src/stm32f4xx_hal_tim_ex.o
                0x0000000008004ee8                HAL_TIMEx_BreakCallback
 .text.HAL_UART_Init
                0x0000000008004efc       0x9a Drivers/STM32F4xx_HAL_Driver/Src/stm32f4xx_hal_uart.o
                0x0000000008004efc                HAL_UART_Init
 .text.HAL_UART_Transmit
                0x0000000008004f96      0x132 Drivers/STM32F4xx_HAL_Driver/Src/stm32f4xx_hal_uart.o
                0x0000000008004f96                HAL_UART_Transmit
 .text.UART_WaitOnFlagUntilTimeout
                0x00000000080050c8       0x94 Drivers/STM32F4xx_HAL_Driver/Src/stm32f4xx_hal_uart.o
 .text.UART_SetConfig
                0x000000000800515c      0x6f8 Drivers/STM32F4xx_HAL_Driver/Src/stm32f4xx_hal_uart.o
 .text.MX_FATFS_Init
                0x0000000008005854       0x24 FATFS/App/fatfs.o
                0x0000000008005854                MX_FATFS_Init
 .text.get_fattime
                0x0000000008005878       0x10 FATFS/App/fatfs.o
                0x0000000008005878                get_fattime
 .text.USER_initialize
                0x0000000008005888       0x1e FATFS/Target/user_diskio.o
                0x0000000008005888                USER_initialize
 .text.USER_status
                0x00000000080058a6       0x1e FATFS/Target/user_diskio.o
                0x00000000080058a6                USER_status
 .text.USER_read
                0x00000000080058c4       0x28 FATFS/Target/user_diskio.o
                0x00000000080058c4                USER_read
 .text.USER_write
                0x00000000080058ec       0x28 FATFS/Target/user_diskio.o
                0x00000000080058ec                USER_write
 .text.USER_ioctl
                0x0000000008005914       0x28 FATFS/Target/user_diskio.o
                0x0000000008005914                USER_ioctl
 .text.disk_status
                0x000000000800593c       0x34 Middlewares/Third_Party/FatFs/src/diskio.o
                0x000000000800593c                disk_status
 .text.disk_initialize
                0x0000000008005970       0x4c Middlewares/Third_Party/FatFs/src/diskio.o
                0x0000000008005970                disk_initialize
 .text.disk_read
                0x00000000080059bc       0x40 Middlewares/Third_Party/FatFs/src/diskio.o
                0x00000000080059bc                disk_read
 .text.disk_write
                0x00000000080059fc       0x40 Middlewares/Third_Party/FatFs/src/diskio.o
                0x00000000080059fc                disk_write
 .text.disk_ioctl
                0x0000000008005a3c       0x3c Middlewares/Third_Party/FatFs/src/diskio.o
                0x0000000008005a3c                disk_ioctl
 .text.ld_word  0x0000000008005a78       0x30 Middlewares/Third_Party/FatFs/src/ff.o
 .text.ld_dword
                0x0000000008005aa8       0x46 Middlewares/Third_Party/FatFs/src/ff.o
 .text.st_word  0x0000000008005aee       0x36 Middlewares/Third_Party/FatFs/src/ff.o
 .text.st_dword
                0x0000000008005b24       0x58 Middlewares/Third_Party/FatFs/src/ff.o
 .text.mem_cpy  0x0000000008005b7c       0x42 Middlewares/Third_Party/FatFs/src/ff.o
 .text.mem_set  0x0000000008005bbe       0x34 Middlewares/Third_Party/FatFs/src/ff.o
 .text.mem_cmp  0x0000000008005bf2       0x4e Middlewares/Third_Party/FatFs/src/ff.o
 .text.chk_chr  0x0000000008005c40       0x36 Middlewares/Third_Party/FatFs/src/ff.o
 *fill*         0x0000000008005c76        0x2 
 .text.chk_lock
                0x0000000008005c78       0xb8 Middlewares/Third_Party/FatFs/src/ff.o
 .text.enq_lock
                0x0000000008005d30       0x44 Middlewares/Third_Party/FatFs/src/ff.o
 .text.inc_lock
                0x0000000008005d74      0x11c Middlewares/Third_Party/FatFs/src/ff.o
 .text.dec_lock
                0x0000000008005e90       0x78 Middlewares/Third_Party/FatFs/src/ff.o
 .text.clear_lock
                0x0000000008005f08       0x48 Middlewares/Third_Party/FatFs/src/ff.o
 .text.sync_window
                0x0000000008005f50       0x88 Middlewares/Third_Party/FatFs/src/ff.o
 .text.move_window
                0x0000000008005fd8       0x5a Middlewares/Third_Party/FatFs/src/ff.o
 *fill*         0x0000000008006032        0x2 
 .text.sync_fs  0x0000000008006034       0xe0 Middlewares/Third_Party/FatFs/src/ff.o
 .text.clust2sect
                0x0000000008006114       0x3e Middlewares/Third_Party/FatFs/src/ff.o
 .text.get_fat  0x0000000008006152      0x1a0 Middlewares/Third_Party/FatFs/src/ff.o
 .text.put_fat  0x00000000080062f2      0x22e Middlewares/Third_Party/FatFs/src/ff.o
 .text.remove_chain
                0x0000000008006520       0xca Middlewares/Third_Party/FatFs/src/ff.o
 .text.create_chain
                0x00000000080065ea      0x130 Middlewares/Third_Party/FatFs/src/ff.o
 .text.clmt_clust
                0x000000000800671a       0x70 Middlewares/Third_Party/FatFs/src/ff.o
 .text.dir_sdi  0x000000000800678a      0x112 Middlewares/Third_Party/FatFs/src/ff.o
 .text.dir_next
                0x000000000800689c      0x1ac Middlewares/Third_Party/FatFs/src/ff.o
 .text.dir_alloc
                0x0000000008006a48       0x8e Middlewares/Third_Party/FatFs/src/ff.o
 .text.ld_clust
                0x0000000008006ad6       0x3e Middlewares/Third_Party/FatFs/src/ff.o
 .text.st_clust
                0x0000000008006b14       0x40 Middlewares/Third_Party/FatFs/src/ff.o
 .text.cmp_lfn  0x0000000008006b54       0xe0 Middlewares/Third_Party/FatFs/src/ff.o
 .text.put_lfn  0x0000000008006c34       0xd0 Middlewares/Third_Party/FatFs/src/ff.o
 .text.gen_numname
                0x0000000008006d04      0x11e Middlewares/Third_Party/FatFs/src/ff.o
 .text.sum_sfn  0x0000000008006e22       0x42 Middlewares/Third_Party/FatFs/src/ff.o
 .text.dir_find
                0x0000000008006e64      0x180 Middlewares/Third_Party/FatFs/src/ff.o
 .text.dir_register
                0x0000000008006fe4      0x1f0 Middlewares/Third_Party/FatFs/src/ff.o
 .text.create_name
                0x00000000080071d4      0x370 Middlewares/Third_Party/FatFs/src/ff.o
 .text.follow_path
                0x0000000008007544       0xec Middlewares/Third_Party/FatFs/src/ff.o
 .text.get_ldnumber
                0x0000000008007630       0x88 Middlewares/Third_Party/FatFs/src/ff.o
 .text.check_fs
                0x00000000080076b8       0xac Middlewares/Third_Party/FatFs/src/ff.o
 .text.find_volume
                0x0000000008007764      0x510 Middlewares/Third_Party/FatFs/src/ff.o
 .text.validate
                0x0000000008007c74       0x6a Middlewares/Third_Party/FatFs/src/ff.o
 *fill*         0x0000000008007cde        0x2 
 .text.f_mount  0x0000000008007ce0       0x8c Middlewares/Third_Party/FatFs/src/ff.o
                0x0000000008007ce0                f_mount
 .text.f_open   0x0000000008007d6c      0x398 Middlewares/Third_Party/FatFs/src/ff.o
                0x0000000008007d6c                f_open
 .text.f_write  0x0000000008008104      0x328 Middlewares/Third_Party/FatFs/src/ff.o
                0x0000000008008104                f_write
 .text.f_sync   0x000000000800842c       0xfc Middlewares/Third_Party/FatFs/src/ff.o
                0x000000000800842c                f_sync
 .text.f_close  0x0000000008008528       0x54 Middlewares/Third_Party/FatFs/src/ff.o
                0x0000000008008528                f_close
 .text.f_getfree
                0x000000000800857c      0x16a Middlewares/Third_Party/FatFs/src/ff.o
                0x000000000800857c                f_getfree
 *fill*         0x00000000080086e6        0x2 
 .text.FATFS_LinkDriverEx
                0x00000000080086e8       0x98 Middlewares/Third_Party/FatFs/src/ff_gen_drv.o
                0x00000000080086e8                FATFS_LinkDriverEx
 .text.FATFS_LinkDriver
                0x0000000008008780       0x1e Middlewares/Third_Party/FatFs/src/ff_gen_drv.o
                0x0000000008008780                FATFS_LinkDriver
 *fill*         0x000000000800879e        0x2 
 .text.ff_convert
                0x00000000080087a0       0x78 Middlewares/Third_Party/FatFs/src/option/ccsbcs.o
                0x00000000080087a0                ff_convert
 .text.ff_wtoupper
                0x0000000008008818      0x114 Middlewares/Third_Party/FatFs/src/option/ccsbcs.o
                0x0000000008008818                ff_wtoupper
 .text.__errno  0x000000000800892c        0xc c:/st/stm32cubeide_1.1.0/stm32cubeide/plugins/com.st.stm32cube.ide.mcu.externaltools.gnu-tools-for-stm32.7-2018-q2-update.win32_1.0.0.201904181610/tools/bin/../lib/gcc/arm-none-eabi/7.3.1/../../../../arm-none-eabi/lib/thumb/v7e-m/fpv4-sp/hard\libc_nano.a(lib_a-errno.o)
                0x000000000800892c                __errno
 .text.__libc_init_array
                0x0000000008008938       0x48 c:/st/stm32cubeide_1.1.0/stm32cubeide/plugins/com.st.stm32cube.ide.mcu.externaltools.gnu-tools-for-stm32.7-2018-q2-update.win32_1.0.0.201904181610/tools/bin/../lib/gcc/arm-none-eabi/7.3.1/../../../../arm-none-eabi/lib/thumb/v7e-m/fpv4-sp/hard\libc_nano.a(lib_a-init.o)
                0x0000000008008938                __libc_init_array
 .text.memset   0x0000000008008980       0x10 c:/st/stm32cubeide_1.1.0/stm32cubeide/plugins/com.st.stm32cube.ide.mcu.externaltools.gnu-tools-for-stm32.7-2018-q2-update.win32_1.0.0.201904181610/tools/bin/../lib/gcc/arm-none-eabi/7.3.1/../../../../arm-none-eabi/lib/thumb/v7e-m/fpv4-sp/hard\libc_nano.a(lib_a-memset.o)
                0x0000000008008980                memset
 .text.sprintf  0x0000000008008990       0x40 c:/st/stm32cubeide_1.1.0/stm32cubeide/plugins/com.st.stm32cube.ide.mcu.externaltools.gnu-tools-for-stm32.7-2018-q2-update.win32_1.0.0.201904181610/tools/bin/../lib/gcc/arm-none-eabi/7.3.1/../../../../arm-none-eabi/lib/thumb/v7e-m/fpv4-sp/hard\libc_nano.a(lib_a-sprintf.o)
                0x0000000008008990                siprintf
                0x0000000008008990                sprintf
 .text.__ssputs_r
                0x00000000080089d0       0xb4 c:/st/stm32cubeide_1.1.0/stm32cubeide/plugins/com.st.stm32cube.ide.mcu.externaltools.gnu-tools-for-stm32.7-2018-q2-update.win32_1.0.0.201904181610/tools/bin/../lib/gcc/arm-none-eabi/7.3.1/../../../../arm-none-eabi/lib/thumb/v7e-m/fpv4-sp/hard\libc_nano.a(lib_a-nano-svfprintf.o)
                0x00000000080089d0                __ssputs_r
 .text._svfprintf_r
                0x0000000008008a84      0x1f0 c:/st/stm32cubeide_1.1.0/stm32cubeide/plugins/com.st.stm32cube.ide.mcu.externaltools.gnu-tools-for-stm32.7-2018-q2-update.win32_1.0.0.201904181610/tools/bin/../lib/gcc/arm-none-eabi/7.3.1/../../../../arm-none-eabi/lib/thumb/v7e-m/fpv4-sp/hard\libc_nano.a(lib_a-nano-svfprintf.o)
                0x0000000008008a84                _svfiprintf_r
                0x0000000008008a84                _svfprintf_r
 .text._printf_common
                0x0000000008008c74       0xea c:/st/stm32cubeide_1.1.0/stm32cubeide/plugins/com.st.stm32cube.ide.mcu.externaltools.gnu-tools-for-stm32.7-2018-q2-update.win32_1.0.0.201904181610/tools/bin/../lib/gcc/arm-none-eabi/7.3.1/../../../../arm-none-eabi/lib/thumb/v7e-m/fpv4-sp/hard\libc_nano.a(lib_a-nano-vfprintf_i.o)
                0x0000000008008c74                _printf_common
 *fill*         0x0000000008008d5e        0x2 
 .text._printf_i
                0x0000000008008d60      0x224 c:/st/stm32cubeide_1.1.0/stm32cubeide/plugins/com.st.stm32cube.ide.mcu.externaltools.gnu-tools-for-stm32.7-2018-q2-update.win32_1.0.0.201904181610/tools/bin/../lib/gcc/arm-none-eabi/7.3.1/../../../../arm-none-eabi/lib/thumb/v7e-m/fpv4-sp/hard\libc_nano.a(lib_a-nano-vfprintf_i.o)
                0x0000000008008d60                _printf_i
 .text.memcpy   0x0000000008008f84       0x16 c:/st/stm32cubeide_1.1.0/stm32cubeide/plugins/com.st.stm32cube.ide.mcu.externaltools.gnu-tools-for-stm32.7-2018-q2-update.win32_1.0.0.201904181610/tools/bin/../lib/gcc/arm-none-eabi/7.3.1/../../../../arm-none-eabi/lib/thumb/v7e-m/fpv4-sp/hard\libc_nano.a(lib_a-memcpy-stub.o)
                0x0000000008008f84                memcpy
 .text.memmove  0x0000000008008f9a       0x32 c:/st/stm32cubeide_1.1.0/stm32cubeide/plugins/com.st.stm32cube.ide.mcu.externaltools.gnu-tools-for-stm32.7-2018-q2-update.win32_1.0.0.201904181610/tools/bin/../lib/gcc/arm-none-eabi/7.3.1/../../../../arm-none-eabi/lib/thumb/v7e-m/fpv4-sp/hard\libc_nano.a(lib_a-memmove.o)
                0x0000000008008f9a                memmove
 .text._free_r  0x0000000008008fcc       0x9c c:/st/stm32cubeide_1.1.0/stm32cubeide/plugins/com.st.stm32cube.ide.mcu.externaltools.gnu-tools-for-stm32.7-2018-q2-update.win32_1.0.0.201904181610/tools/bin/../lib/gcc/arm-none-eabi/7.3.1/../../../../arm-none-eabi/lib/thumb/v7e-m/fpv4-sp/hard\libc_nano.a(lib_a-nano-freer.o)
                0x0000000008008fcc                _free_r
 .text._malloc_r
                0x0000000008009068       0xb4 c:/st/stm32cubeide_1.1.0/stm32cubeide/plugins/com.st.stm32cube.ide.mcu.externaltools.gnu-tools-for-stm32.7-2018-q2-update.win32_1.0.0.201904181610/tools/bin/../lib/gcc/arm-none-eabi/7.3.1/../../../../arm-none-eabi/lib/thumb/v7e-m/fpv4-sp/hard\libc_nano.a(lib_a-nano-mallocr.o)
                0x0000000008009068                _malloc_r
 .text._realloc_r
                0x000000000800911c       0x4c c:/st/stm32cubeide_1.1.0/stm32cubeide/plugins/com.st.stm32cube.ide.mcu.externaltools.gnu-tools-for-stm32.7-2018-q2-update.win32_1.0.0.201904181610/tools/bin/../lib/gcc/arm-none-eabi/7.3.1/../../../../arm-none-eabi/lib/thumb/v7e-m/fpv4-sp/hard\libc_nano.a(lib_a-nano-reallocr.o)
                0x000000000800911c                _realloc_r
 .text._sbrk_r  0x0000000008009168       0x20 c:/st/stm32cubeide_1.1.0/stm32cubeide/plugins/com.st.stm32cube.ide.mcu.externaltools.gnu-tools-for-stm32.7-2018-q2-update.win32_1.0.0.201904181610/tools/bin/../lib/gcc/arm-none-eabi/7.3.1/../../../../arm-none-eabi/lib/thumb/v7e-m/fpv4-sp/hard\libc_nano.a(lib_a-sbrkr.o)
                0x0000000008009168                _sbrk_r
 .text.__malloc_lock
                0x0000000008009188        0x2 c:/st/stm32cubeide_1.1.0/stm32cubeide/plugins/com.st.stm32cube.ide.mcu.externaltools.gnu-tools-for-stm32.7-2018-q2-update.win32_1.0.0.201904181610/tools/bin/../lib/gcc/arm-none-eabi/7.3.1/../../../../arm-none-eabi/lib/thumb/v7e-m/fpv4-sp/hard\libc_nano.a(lib_a-mlock.o)
                0x0000000008009188                __malloc_lock
 .text.__malloc_unlock
                0x000000000800918a        0x2 c:/st/stm32cubeide_1.1.0/stm32cubeide/plugins/com.st.stm32cube.ide.mcu.externaltools.gnu-tools-for-stm32.7-2018-q2-update.win32_1.0.0.201904181610/tools/bin/../lib/gcc/arm-none-eabi/7.3.1/../../../../arm-none-eabi/lib/thumb/v7e-m/fpv4-sp/hard\libc_nano.a(lib_a-mlock.o)
                0x000000000800918a                __malloc_unlock
 .text._malloc_usable_size_r
                0x000000000800918c       0x10 c:/st/stm32cubeide_1.1.0/stm32cubeide/plugins/com.st.stm32cube.ide.mcu.externaltools.gnu-tools-for-stm32.7-2018-q2-update.win32_1.0.0.201904181610/tools/bin/../lib/gcc/arm-none-eabi/7.3.1/../../../../arm-none-eabi/lib/thumb/v7e-m/fpv4-sp/hard\libc_nano.a(lib_a-nano-msizer.o)
                0x000000000800918c                _malloc_usable_size_r
 *(.glue_7)
 .glue_7        0x000000000800919c        0x0 linker stubs
 *(.glue_7t)
 .glue_7t       0x000000000800919c        0x0 linker stubs
 *(.eh_frame)
 .eh_frame      0x000000000800919c        0x0 c:/st/stm32cubeide_1.1.0/stm32cubeide/plugins/com.st.stm32cube.ide.mcu.externaltools.gnu-tools-for-stm32.7-2018-q2-update.win32_1.0.0.201904181610/tools/bin/../lib/gcc/arm-none-eabi/7.3.1/thumb/v7e-m/fpv4-sp/hard/crtbegin.o
 *(.init)
 .init          0x000000000800919c        0x4 c:/st/stm32cubeide_1.1.0/stm32cubeide/plugins/com.st.stm32cube.ide.mcu.externaltools.gnu-tools-for-stm32.7-2018-q2-update.win32_1.0.0.201904181610/tools/bin/../lib/gcc/arm-none-eabi/7.3.1/thumb/v7e-m/fpv4-sp/hard/crti.o
                0x000000000800919c                _init
 .init          0x00000000080091a0        0x8 c:/st/stm32cubeide_1.1.0/stm32cubeide/plugins/com.st.stm32cube.ide.mcu.externaltools.gnu-tools-for-stm32.7-2018-q2-update.win32_1.0.0.201904181610/tools/bin/../lib/gcc/arm-none-eabi/7.3.1/thumb/v7e-m/fpv4-sp/hard/crtn.o
 *(.fini)
 .fini          0x00000000080091a8        0x4 c:/st/stm32cubeide_1.1.0/stm32cubeide/plugins/com.st.stm32cube.ide.mcu.externaltools.gnu-tools-for-stm32.7-2018-q2-update.win32_1.0.0.201904181610/tools/bin/../lib/gcc/arm-none-eabi/7.3.1/thumb/v7e-m/fpv4-sp/hard/crti.o
                0x00000000080091a8                _fini
 .fini          0x00000000080091ac        0x8 c:/st/stm32cubeide_1.1.0/stm32cubeide/plugins/com.st.stm32cube.ide.mcu.externaltools.gnu-tools-for-stm32.7-2018-q2-update.win32_1.0.0.201904181610/tools/bin/../lib/gcc/arm-none-eabi/7.3.1/thumb/v7e-m/fpv4-sp/hard/crtn.o
                0x00000000080091b4                . = ALIGN (0x4)
                0x00000000080091b4                _etext = .

.vfp11_veneer   0x00000000080091b4        0x0
 .vfp11_veneer  0x00000000080091b4        0x0 linker stubs

.v4_bx          0x00000000080091b4        0x0
 .v4_bx         0x00000000080091b4        0x0 linker stubs

.iplt           0x00000000080091b4        0x0
 .iplt          0x00000000080091b4        0x0 c:/st/stm32cubeide_1.1.0/stm32cubeide/plugins/com.st.stm32cube.ide.mcu.externaltools.gnu-tools-for-stm32.7-2018-q2-update.win32_1.0.0.201904181610/tools/bin/../lib/gcc/arm-none-eabi/7.3.1/thumb/v7e-m/fpv4-sp/hard/crtbegin.o

.rodata         0x00000000080091b4      0x53c
                0x00000000080091b4                . = ALIGN (0x4)
 *(.rodata)
 .rodata        0x00000000080091b4       0x5e Core/Src/main.o
 *fill*         0x0000000008009212        0x2 
 .rodata        0x0000000008009214       0x48 Middlewares/Third_Party/FatFs/src/ff.o
 *(.rodata*)
 .rodata.AHBPrescTable
                0x000000000800925c       0x10 Core/Src/system_stm32f4xx.o
                0x000000000800925c                AHBPrescTable
 .rodata.APBPrescTable
                0x000000000800926c        0x8 Core/Src/system_stm32f4xx.o
                0x000000000800926c                APBPrescTable
 .rodata.flagBitshiftOffset.8431
                0x0000000008009274        0x8 Drivers/STM32F4xx_HAL_Driver/Src/stm32f4xx_hal_dma.o
 .rodata.ExCvt  0x000000000800927c       0x80 Middlewares/Third_Party/FatFs/src/ff.o
 .rodata.LfnOfs
                0x00000000080092fc        0xd Middlewares/Third_Party/FatFs/src/ff.o
 *fill*         0x0000000008009309        0x3 
 .rodata.Tbl    0x000000000800930c      0x100 Middlewares/Third_Party/FatFs/src/option/ccsbcs.o
 .rodata.cvt1.9135
                0x000000000800940c      0x1f2 Middlewares/Third_Party/FatFs/src/option/ccsbcs.o
 *fill*         0x00000000080095fe        0x2 
 .rodata.cvt2.9136
                0x0000000008009600       0xbc Middlewares/Third_Party/FatFs/src/option/ccsbcs.o
 .rodata._svfprintf_r.str1.1
                0x00000000080096bc       0x11 c:/st/stm32cubeide_1.1.0/stm32cubeide/plugins/com.st.stm32cube.ide.mcu.externaltools.gnu-tools-for-stm32.7-2018-q2-update.win32_1.0.0.201904181610/tools/bin/../lib/gcc/arm-none-eabi/7.3.1/../../../../arm-none-eabi/lib/thumb/v7e-m/fpv4-sp/hard\libc_nano.a(lib_a-nano-svfprintf.o)
 .rodata._printf_i.str1.1
                0x00000000080096cd       0x22 c:/st/stm32cubeide_1.1.0/stm32cubeide/plugins/com.st.stm32cube.ide.mcu.externaltools.gnu-tools-for-stm32.7-2018-q2-update.win32_1.0.0.201904181610/tools/bin/../lib/gcc/arm-none-eabi/7.3.1/../../../../arm-none-eabi/lib/thumb/v7e-m/fpv4-sp/hard\libc_nano.a(lib_a-nano-vfprintf_i.o)
                0x00000000080096f0                . = ALIGN (0x4)
 *fill*         0x00000000080096ef        0x1 

.ARM.extab      0x00000000080096f0        0x0
                0x00000000080096f0                . = ALIGN (0x4)
 *(.ARM.extab* .gnu.linkonce.armextab.*)
                0x00000000080096f0                . = ALIGN (0x4)

.ARM            0x00000000080096f0        0x8
                0x00000000080096f0                . = ALIGN (0x4)
                0x00000000080096f0                __exidx_start = .
 *(.ARM.exidx*)
 .ARM.exidx     0x00000000080096f0        0x8 c:/st/stm32cubeide_1.1.0/stm32cubeide/plugins/com.st.stm32cube.ide.mcu.externaltools.gnu-tools-for-stm32.7-2018-q2-update.win32_1.0.0.201904181610/tools/bin/../lib/gcc/arm-none-eabi/7.3.1/thumb/v7e-m/fpv4-sp/hard\libgcc.a(_udivmoddi4.o)
                0x00000000080096f8                __exidx_end = .
                0x00000000080096f8                . = ALIGN (0x4)

.rel.dyn        0x00000000080096f8        0x0
 .rel.iplt      0x00000000080096f8        0x0 c:/st/stm32cubeide_1.1.0/stm32cubeide/plugins/com.st.stm32cube.ide.mcu.externaltools.gnu-tools-for-stm32.7-2018-q2-update.win32_1.0.0.201904181610/tools/bin/../lib/gcc/arm-none-eabi/7.3.1/thumb/v7e-m/fpv4-sp/hard/crtbegin.o

.preinit_array  0x00000000080096f8        0x0
                0x00000000080096f8                . = ALIGN (0x4)
                0x00000000080096f8                PROVIDE (__preinit_array_start = .)
 *(.preinit_array*)
                0x00000000080096f8                PROVIDE (__preinit_array_end = .)
                0x00000000080096f8                . = ALIGN (0x4)

.init_array     0x00000000080096f8        0x4
                0x00000000080096f8                . = ALIGN (0x4)
                0x00000000080096f8                PROVIDE (__init_array_start = .)
 *(SORT_BY_NAME(.init_array.*))
 *(.init_array*)
 .init_array    0x00000000080096f8        0x4 c:/st/stm32cubeide_1.1.0/stm32cubeide/plugins/com.st.stm32cube.ide.mcu.externaltools.gnu-tools-for-stm32.7-2018-q2-update.win32_1.0.0.201904181610/tools/bin/../lib/gcc/arm-none-eabi/7.3.1/thumb/v7e-m/fpv4-sp/hard/crtbegin.o
                0x00000000080096fc                PROVIDE (__init_array_end = .)
                0x00000000080096fc                . = ALIGN (0x4)

.fini_array     0x00000000080096fc        0x4
                0x00000000080096fc                . = ALIGN (0x4)
                [!provide]                        PROVIDE (__fini_array_start = .)
 *(SORT_BY_NAME(.fini_array.*))
 *(.fini_array*)
 .fini_array    0x00000000080096fc        0x4 c:/st/stm32cubeide_1.1.0/stm32cubeide/plugins/com.st.stm32cube.ide.mcu.externaltools.gnu-tools-for-stm32.7-2018-q2-update.win32_1.0.0.201904181610/tools/bin/../lib/gcc/arm-none-eabi/7.3.1/thumb/v7e-m/fpv4-sp/hard/crtbegin.o
                [!provide]                        PROVIDE (__fini_array_end = .)
                0x0000000008009700                . = ALIGN (0x4)
                0x0000000008009700                _sidata = LOADADDR (.data)

.data           0x0000000020000000       0x88 load address 0x0000000008009700
                0x0000000020000000                . = ALIGN (0x4)
                0x0000000020000000                _sdata = .
 *(.data)
 *(.data*)
 .data.Stat     0x0000000020000000        0x1 Core/Src/fatfs_sd.o
 *fill*         0x0000000020000001        0x3 
 .data.SystemCoreClock
                0x0000000020000004        0x4 Core/Src/system_stm32f4xx.o
                0x0000000020000004                SystemCoreClock
 .data.uwTickPrio
                0x0000000020000008        0x4 Drivers/STM32F4xx_HAL_Driver/Src/stm32f4xx_hal.o
                0x0000000020000008                uwTickPrio
 .data.uwTickFreq
                0x000000002000000c        0x1 Drivers/STM32F4xx_HAL_Driver/Src/stm32f4xx_hal.o
                0x000000002000000c                uwTickFreq
 *fill*         0x000000002000000d        0x3 
 .data.USER_Driver
                0x0000000020000010       0x14 FATFS/Target/user_diskio.o
                0x0000000020000010                USER_Driver
 .data._impure_ptr
                0x0000000020000024        0x4 c:/st/stm32cubeide_1.1.0/stm32cubeide/plugins/com.st.stm32cube.ide.mcu.externaltools.gnu-tools-for-stm32.7-2018-q2-update.win32_1.0.0.201904181610/tools/bin/../lib/gcc/arm-none-eabi/7.3.1/../../../../arm-none-eabi/lib/thumb/v7e-m/fpv4-sp/hard\libc_nano.a(lib_a-impure.o)
                0x0000000020000024                _impure_ptr
 .data.impure_data
                0x0000000020000028       0x60 c:/st/stm32cubeide_1.1.0/stm32cubeide/plugins/com.st.stm32cube.ide.mcu.externaltools.gnu-tools-for-stm32.7-2018-q2-update.win32_1.0.0.201904181610/tools/bin/../lib/gcc/arm-none-eabi/7.3.1/../../../../arm-none-eabi/lib/thumb/v7e-m/fpv4-sp/hard\libc_nano.a(lib_a-impure.o)
                0x0000000020000088                . = ALIGN (0x4)
                0x0000000020000088                _edata = .

.igot.plt       0x0000000020000088        0x0 load address 0x0000000008009788
 .igot.plt      0x0000000020000088        0x0 c:/st/stm32cubeide_1.1.0/stm32cubeide/plugins/com.st.stm32cube.ide.mcu.externaltools.gnu-tools-for-stm32.7-2018-q2-update.win32_1.0.0.201904181610/tools/bin/../lib/gcc/arm-none-eabi/7.3.1/thumb/v7e-m/fpv4-sp/hard/crtbegin.o
                0x0000000020000088                . = ALIGN (0x4)

.bss            0x0000000020000088     0x68f8 load address 0x0000000008009788
                0x0000000020000088                _sbss = .
                0x0000000020000088                __bss_start__ = _sbss
 *(.bss)
 .bss           0x0000000020000088       0x1c c:/st/stm32cubeide_1.1.0/stm32cubeide/plugins/com.st.stm32cube.ide.mcu.externaltools.gnu-tools-for-stm32.7-2018-q2-update.win32_1.0.0.201904181610/tools/bin/../lib/gcc/arm-none-eabi/7.3.1/thumb/v7e-m/fpv4-sp/hard/crtbegin.o
 *(.bss*)
 .bss.CardType  0x00000000200000a4        0x1 Core/Src/fatfs_sd.o
 .bss.PowerFlag
                0x00000000200000a5        0x1 Core/Src/fatfs_sd.o
 *fill*         0x00000000200000a6        0x2 
 .bss.i         0x00000000200000a8        0x4 Core/Src/main.o
                0x00000000200000a8                i
 .bss.FatFsCnt  0x00000000200000ac        0x1 Core/Src/stm32f4xx_it.o
                0x00000000200000ac                FatFsCnt
 *fill*         0x00000000200000ad        0x3 
 .bss.heap_end.6424
                0x00000000200000b0        0x4 Core/Src/sysmem.o
 .bss.FatFs     0x00000000200000b4        0x4 Middlewares/Third_Party/FatFs/src/ff.o
 .bss.Fsid      0x00000000200000b8        0x2 Middlewares/Third_Party/FatFs/src/ff.o
 *fill*         0x00000000200000ba        0x2 
 .bss.Files     0x00000000200000bc       0x20 Middlewares/Third_Party/FatFs/src/ff.o
 .bss.LfnBuf    0x00000000200000dc      0x200 Middlewares/Third_Party/FatFs/src/ff.o
 .bss.disk      0x00000000200002dc        0xc Middlewares/Third_Party/FatFs/src/ff_gen_drv.o
                0x00000000200002dc                disk
 .bss.__malloc_free_list
                0x00000000200002e8        0x4 c:/st/stm32cubeide_1.1.0/stm32cubeide/plugins/com.st.stm32cube.ide.mcu.externaltools.gnu-tools-for-stm32.7-2018-q2-update.win32_1.0.0.201904181610/tools/bin/../lib/gcc/arm-none-eabi/7.3.1/../../../../arm-none-eabi/lib/thumb/v7e-m/fpv4-sp/hard\libc_nano.a(lib_a-nano-mallocr.o)
                0x00000000200002e8                __malloc_free_list
 .bss.__malloc_sbrk_start
                0x00000000200002ec        0x4 c:/st/stm32cubeide_1.1.0/stm32cubeide/plugins/com.st.stm32cube.ide.mcu.externaltools.gnu-tools-for-stm32.7-2018-q2-update.win32_1.0.0.201904181610/tools/bin/../lib/gcc/arm-none-eabi/7.3.1/../../../../arm-none-eabi/lib/thumb/v7e-m/fpv4-sp/hard\libc_nano.a(lib_a-nano-mallocr.o)
                0x00000000200002ec                __malloc_sbrk_start
 *(COMMON)
 COMMON         0x00000000200002f0     0x4614 Core/Src/main.o
                0x00000000200002f0                fre_clust
                0x00000000200002f4                raw_A1
                0x00000000200002f8                fs
                0x0000000020001330                raw_A0
                0x0000000020001334                A0
                0x0000000020001338                br
                0x000000002000133c                hadc1
                0x0000000020001384                free_space
                0x0000000020001388                huart1
                0x00000000200013c8                buffer
                0x00000000200017c8                hdma_adc1
                0x0000000020001828                htim6
                0x0000000020001868                bw
                0x000000002000186c                pfs
                0x0000000020001870                fresult
                0x0000000020001874                hspi1
                0x00000000200018cc                adc_buf
                0x00000000200038cc                total
                0x00000000200038d0                fil
                0x0000000020004900                A1
 COMMON         0x0000000020004904        0x2 Core/Src/stm32f4xx_it.o
                0x0000000020004904                Timer2
                0x0000000020004905                Timer1
 *fill*         0x0000000020004906        0x2 
 COMMON         0x0000000020004908        0x4 Drivers/STM32F4xx_HAL_Driver/Src/stm32f4xx_hal.o
                0x0000000020004908                uwTick
 COMMON         0x000000002000490c     0x2070 FATFS/App/fatfs.o
                0x000000002000490c                USERPath
                0x0000000020004910                retUSER
                0x0000000020004914                USERFile
                0x0000000020005944                USERFatFS
 COMMON         0x000000002000697c        0x4 c:/st/stm32cubeide_1.1.0/stm32cubeide/plugins/com.st.stm32cube.ide.mcu.externaltools.gnu-tools-for-stm32.7-2018-q2-update.win32_1.0.0.201904181610/tools/bin/../lib/gcc/arm-none-eabi/7.3.1/../../../../arm-none-eabi/lib/thumb/v7e-m/fpv4-sp/hard\libc_nano.a(lib_a-reent.o)
                0x000000002000697c                errno
                0x0000000020006980                . = ALIGN (0x4)
                0x0000000020006980                _ebss = .
                0x0000000020006980                __bss_end__ = _ebss

._user_heap_stack
                0x0000000020006980      0x600 load address 0x0000000008009788
                0x0000000020006980                . = ALIGN (0x8)
                0x0000000020006980                PROVIDE (end = .)
                [!provide]                        PROVIDE (_end = .)
                0x0000000020006b80                . = (. + _Min_Heap_Size)
 *fill*         0x0000000020006980      0x200 
                0x0000000020006f80                . = (. + _Min_Stack_Size)
 *fill*         0x0000000020006b80      0x400 
                0x0000000020006f80                . = ALIGN (0x8)

/DISCARD/
 libc.a(*)
 libm.a(*)
 libgcc.a(*)

.ARM.attributes
                0x0000000000000000       0x30
 *(.ARM.attributes)
 .ARM.attributes
                0x0000000000000000       0x22 c:/st/stm32cubeide_1.1.0/stm32cubeide/plugins/com.st.stm32cube.ide.mcu.externaltools.gnu-tools-for-stm32.7-2018-q2-update.win32_1.0.0.201904181610/tools/bin/../lib/gcc/arm-none-eabi/7.3.1/thumb/v7e-m/fpv4-sp/hard/crti.o
 .ARM.attributes
                0x0000000000000022       0x34 c:/st/stm32cubeide_1.1.0/stm32cubeide/plugins/com.st.stm32cube.ide.mcu.externaltools.gnu-tools-for-stm32.7-2018-q2-update.win32_1.0.0.201904181610/tools/bin/../lib/gcc/arm-none-eabi/7.3.1/thumb/v7e-m/fpv4-sp/hard/crtbegin.o
 .ARM.attributes
                0x0000000000000056       0x39 Core/Src/fatfs_sd.o
 .ARM.attributes
                0x000000000000008f       0x39 Core/Src/main.o
 .ARM.attributes
                0x00000000000000c8       0x39 Core/Src/stm32f4xx_hal_msp.o
 .ARM.attributes
                0x0000000000000101       0x39 Core/Src/stm32f4xx_it.o
 .ARM.attributes
                0x000000000000013a       0x39 Core/Src/sysmem.o
 .ARM.attributes
                0x0000000000000173       0x39 Core/Src/system_stm32f4xx.o
 .ARM.attributes
                0x00000000000001ac       0x21 Core/Startup/startup_stm32f446zetx.o
 .ARM.attributes
                0x00000000000001cd       0x39 Drivers/STM32F4xx_HAL_Driver/Src/stm32f4xx_hal.o
 .ARM.attributes
                0x0000000000000206       0x39 Drivers/STM32F4xx_HAL_Driver/Src/stm32f4xx_hal_adc.o
 .ARM.attributes
                0x000000000000023f       0x39 Drivers/STM32F4xx_HAL_Driver/Src/stm32f4xx_hal_cortex.o
 .ARM.attributes
                0x0000000000000278       0x39 Drivers/STM32F4xx_HAL_Driver/Src/stm32f4xx_hal_dma.o
 .ARM.attributes
                0x00000000000002b1       0x39 Drivers/STM32F4xx_HAL_Driver/Src/stm32f4xx_hal_gpio.o
 .ARM.attributes
                0x00000000000002ea       0x39 Drivers/STM32F4xx_HAL_Driver/Src/stm32f4xx_hal_rcc.o
 .ARM.attributes
                0x0000000000000323       0x39 Drivers/STM32F4xx_HAL_Driver/Src/stm32f4xx_hal_rcc_ex.o
 .ARM.attributes
                0x000000000000035c       0x39 Drivers/STM32F4xx_HAL_Driver/Src/stm32f4xx_hal_spi.o
 .ARM.attributes
                0x0000000000000395       0x39 Drivers/STM32F4xx_HAL_Driver/Src/stm32f4xx_hal_tim.o
 .ARM.attributes
                0x00000000000003ce       0x39 Drivers/STM32F4xx_HAL_Driver/Src/stm32f4xx_hal_tim_ex.o
 .ARM.attributes
                0x0000000000000407       0x39 Drivers/STM32F4xx_HAL_Driver/Src/stm32f4xx_hal_uart.o
 .ARM.attributes
                0x0000000000000440       0x39 FATFS/App/fatfs.o
 .ARM.attributes
                0x0000000000000479       0x39 FATFS/Target/user_diskio.o
 .ARM.attributes
                0x00000000000004b2       0x39 Middlewares/Third_Party/FatFs/src/diskio.o
 .ARM.attributes
                0x00000000000004eb       0x39 Middlewares/Third_Party/FatFs/src/ff.o
 .ARM.attributes
                0x0000000000000524       0x39 Middlewares/Third_Party/FatFs/src/ff_gen_drv.o
 .ARM.attributes
                0x000000000000055d       0x39 Middlewares/Third_Party/FatFs/src/option/ccsbcs.o
 .ARM.attributes
                0x0000000000000596       0x34 c:/st/stm32cubeide_1.1.0/stm32cubeide/plugins/com.st.stm32cube.ide.mcu.externaltools.gnu-tools-for-stm32.7-2018-q2-update.win32_1.0.0.201904181610/tools/bin/../lib/gcc/arm-none-eabi/7.3.1/../../../../arm-none-eabi/lib/thumb/v7e-m/fpv4-sp/hard\libc_nano.a(lib_a-errno.o)
 .ARM.attributes
                0x00000000000005ca       0x34 c:/st/stm32cubeide_1.1.0/stm32cubeide/plugins/com.st.stm32cube.ide.mcu.externaltools.gnu-tools-for-stm32.7-2018-q2-update.win32_1.0.0.201904181610/tools/bin/../lib/gcc/arm-none-eabi/7.3.1/../../../../arm-none-eabi/lib/thumb/v7e-m/fpv4-sp/hard\libc_nano.a(lib_a-impure.o)
 .ARM.attributes
                0x00000000000005fe       0x34 c:/st/stm32cubeide_1.1.0/stm32cubeide/plugins/com.st.stm32cube.ide.mcu.externaltools.gnu-tools-for-stm32.7-2018-q2-update.win32_1.0.0.201904181610/tools/bin/../lib/gcc/arm-none-eabi/7.3.1/../../../../arm-none-eabi/lib/thumb/v7e-m/fpv4-sp/hard\libc_nano.a(lib_a-init.o)
 .ARM.attributes
                0x0000000000000632       0x34 c:/st/stm32cubeide_1.1.0/stm32cubeide/plugins/com.st.stm32cube.ide.mcu.externaltools.gnu-tools-for-stm32.7-2018-q2-update.win32_1.0.0.201904181610/tools/bin/../lib/gcc/arm-none-eabi/7.3.1/../../../../arm-none-eabi/lib/thumb/v7e-m/fpv4-sp/hard\libc_nano.a(lib_a-memset.o)
 .ARM.attributes
                0x0000000000000666       0x34 c:/st/stm32cubeide_1.1.0/stm32cubeide/plugins/com.st.stm32cube.ide.mcu.externaltools.gnu-tools-for-stm32.7-2018-q2-update.win32_1.0.0.201904181610/tools/bin/../lib/gcc/arm-none-eabi/7.3.1/../../../../arm-none-eabi/lib/thumb/v7e-m/fpv4-sp/hard\libc_nano.a(lib_a-sprintf.o)
 .ARM.attributes
                0x000000000000069a       0x1b c:/st/stm32cubeide_1.1.0/stm32cubeide/plugins/com.st.stm32cube.ide.mcu.externaltools.gnu-tools-for-stm32.7-2018-q2-update.win32_1.0.0.201904181610/tools/bin/../lib/gcc/arm-none-eabi/7.3.1/../../../../arm-none-eabi/lib/thumb/v7e-m/fpv4-sp/hard\libc_nano.a(lib_a-strlen.o)
 .ARM.attributes
                0x00000000000006b5       0x34 c:/st/stm32cubeide_1.1.0/stm32cubeide/plugins/com.st.stm32cube.ide.mcu.externaltools.gnu-tools-for-stm32.7-2018-q2-update.win32_1.0.0.201904181610/tools/bin/../lib/gcc/arm-none-eabi/7.3.1/../../../../arm-none-eabi/lib/thumb/v7e-m/fpv4-sp/hard\libc_nano.a(lib_a-nano-svfprintf.o)
 .ARM.attributes
                0x00000000000006e9       0x34 c:/st/stm32cubeide_1.1.0/stm32cubeide/plugins/com.st.stm32cube.ide.mcu.externaltools.gnu-tools-for-stm32.7-2018-q2-update.win32_1.0.0.201904181610/tools/bin/../lib/gcc/arm-none-eabi/7.3.1/../../../../arm-none-eabi/lib/thumb/v7e-m/fpv4-sp/hard\libc_nano.a(lib_a-nano-vfprintf_i.o)
 .ARM.attributes
                0x000000000000071d       0x20 c:/st/stm32cubeide_1.1.0/stm32cubeide/plugins/com.st.stm32cube.ide.mcu.externaltools.gnu-tools-for-stm32.7-2018-q2-update.win32_1.0.0.201904181610/tools/bin/../lib/gcc/arm-none-eabi/7.3.1/../../../../arm-none-eabi/lib/thumb/v7e-m/fpv4-sp/hard\libc_nano.a(lib_a-memchr.o)
 .ARM.attributes
                0x000000000000073d       0x34 c:/st/stm32cubeide_1.1.0/stm32cubeide/plugins/com.st.stm32cube.ide.mcu.externaltools.gnu-tools-for-stm32.7-2018-q2-update.win32_1.0.0.201904181610/tools/bin/../lib/gcc/arm-none-eabi/7.3.1/../../../../arm-none-eabi/lib/thumb/v7e-m/fpv4-sp/hard\libc_nano.a(lib_a-memcpy-stub.o)
 .ARM.attributes
                0x0000000000000771       0x34 c:/st/stm32cubeide_1.1.0/stm32cubeide/plugins/com.st.stm32cube.ide.mcu.externaltools.gnu-tools-for-stm32.7-2018-q2-update.win32_1.0.0.201904181610/tools/bin/../lib/gcc/arm-none-eabi/7.3.1/../../../../arm-none-eabi/lib/thumb/v7e-m/fpv4-sp/hard\libc_nano.a(lib_a-memmove.o)
 .ARM.attributes
                0x00000000000007a5       0x34 c:/st/stm32cubeide_1.1.0/stm32cubeide/plugins/com.st.stm32cube.ide.mcu.externaltools.gnu-tools-for-stm32.7-2018-q2-update.win32_1.0.0.201904181610/tools/bin/../lib/gcc/arm-none-eabi/7.3.1/../../../../arm-none-eabi/lib/thumb/v7e-m/fpv4-sp/hard\libc_nano.a(lib_a-nano-freer.o)
 .ARM.attributes
                0x00000000000007d9       0x34 c:/st/stm32cubeide_1.1.0/stm32cubeide/plugins/com.st.stm32cube.ide.mcu.externaltools.gnu-tools-for-stm32.7-2018-q2-update.win32_1.0.0.201904181610/tools/bin/../lib/gcc/arm-none-eabi/7.3.1/../../../../arm-none-eabi/lib/thumb/v7e-m/fpv4-sp/hard\libc_nano.a(lib_a-nano-mallocr.o)
 .ARM.attributes
                0x000000000000080d       0x34 c:/st/stm32cubeide_1.1.0/stm32cubeide/plugins/com.st.stm32cube.ide.mcu.externaltools.gnu-tools-for-stm32.7-2018-q2-update.win32_1.0.0.201904181610/tools/bin/../lib/gcc/arm-none-eabi/7.3.1/../../../../arm-none-eabi/lib/thumb/v7e-m/fpv4-sp/hard\libc_nano.a(lib_a-nano-reallocr.o)
 .ARM.attributes
                0x0000000000000841       0x34 c:/st/stm32cubeide_1.1.0/stm32cubeide/plugins/com.st.stm32cube.ide.mcu.externaltools.gnu-tools-for-stm32.7-2018-q2-update.win32_1.0.0.201904181610/tools/bin/../lib/gcc/arm-none-eabi/7.3.1/../../../../arm-none-eabi/lib/thumb/v7e-m/fpv4-sp/hard\libc_nano.a(lib_a-sbrkr.o)
 .ARM.attributes
                0x0000000000000875       0x34 c:/st/stm32cubeide_1.1.0/stm32cubeide/plugins/com.st.stm32cube.ide.mcu.externaltools.gnu-tools-for-stm32.7-2018-q2-update.win32_1.0.0.201904181610/tools/bin/../lib/gcc/arm-none-eabi/7.3.1/../../../../arm-none-eabi/lib/thumb/v7e-m/fpv4-sp/hard\libc_nano.a(lib_a-mlock.o)
 .ARM.attributes
                0x00000000000008a9       0x34 c:/st/stm32cubeide_1.1.0/stm32cubeide/plugins/com.st.stm32cube.ide.mcu.externaltools.gnu-tools-for-stm32.7-2018-q2-update.win32_1.0.0.201904181610/tools/bin/../lib/gcc/arm-none-eabi/7.3.1/../../../../arm-none-eabi/lib/thumb/v7e-m/fpv4-sp/hard\libc_nano.a(lib_a-nano-msizer.o)
 .ARM.attributes
                0x00000000000008dd       0x34 c:/st/stm32cubeide_1.1.0/stm32cubeide/plugins/com.st.stm32cube.ide.mcu.externaltools.gnu-tools-for-stm32.7-2018-q2-update.win32_1.0.0.201904181610/tools/bin/../lib/gcc/arm-none-eabi/7.3.1/../../../../arm-none-eabi/lib/thumb/v7e-m/fpv4-sp/hard\libc_nano.a(lib_a-reent.o)
 .ARM.attributes
                0x0000000000000911       0x22 c:/st/stm32cubeide_1.1.0/stm32cubeide/plugins/com.st.stm32cube.ide.mcu.externaltools.gnu-tools-for-stm32.7-2018-q2-update.win32_1.0.0.201904181610/tools/bin/../lib/gcc/arm-none-eabi/7.3.1/thumb/v7e-m/fpv4-sp/hard\libgcc.a(_arm_addsubdf3.o)
 .ARM.attributes
                0x0000000000000933       0x22 c:/st/stm32cubeide_1.1.0/stm32cubeide/plugins/com.st.stm32cube.ide.mcu.externaltools.gnu-tools-for-stm32.7-2018-q2-update.win32_1.0.0.201904181610/tools/bin/../lib/gcc/arm-none-eabi/7.3.1/thumb/v7e-m/fpv4-sp/hard\libgcc.a(_arm_muldivdf3.o)
 .ARM.attributes
                0x0000000000000955       0x22 c:/st/stm32cubeide_1.1.0/stm32cubeide/plugins/com.st.stm32cube.ide.mcu.externaltools.gnu-tools-for-stm32.7-2018-q2-update.win32_1.0.0.201904181610/tools/bin/../lib/gcc/arm-none-eabi/7.3.1/thumb/v7e-m/fpv4-sp/hard\libgcc.a(_arm_fixunsdfsi.o)
 .ARM.attributes
                0x0000000000000977       0x22 c:/st/stm32cubeide_1.1.0/stm32cubeide/plugins/com.st.stm32cube.ide.mcu.externaltools.gnu-tools-for-stm32.7-2018-q2-update.win32_1.0.0.201904181610/tools/bin/../lib/gcc/arm-none-eabi/7.3.1/thumb/v7e-m/fpv4-sp/hard\libgcc.a(_aeabi_uldivmod.o)
 .ARM.attributes
                0x0000000000000999       0x34 c:/st/stm32cubeide_1.1.0/stm32cubeide/plugins/com.st.stm32cube.ide.mcu.externaltools.gnu-tools-for-stm32.7-2018-q2-update.win32_1.0.0.201904181610/tools/bin/../lib/gcc/arm-none-eabi/7.3.1/thumb/v7e-m/fpv4-sp/hard\libgcc.a(_udivmoddi4.o)
 .ARM.attributes
                0x00000000000009cd       0x22 c:/st/stm32cubeide_1.1.0/stm32cubeide/plugins/com.st.stm32cube.ide.mcu.externaltools.gnu-tools-for-stm32.7-2018-q2-update.win32_1.0.0.201904181610/tools/bin/../lib/gcc/arm-none-eabi/7.3.1/thumb/v7e-m/fpv4-sp/hard\libgcc.a(_dvmd_tls.o)
 .ARM.attributes
                0x00000000000009ef       0x22 c:/st/stm32cubeide_1.1.0/stm32cubeide/plugins/com.st.stm32cube.ide.mcu.externaltools.gnu-tools-for-stm32.7-2018-q2-update.win32_1.0.0.201904181610/tools/bin/../lib/gcc/arm-none-eabi/7.3.1/thumb/v7e-m/fpv4-sp/hard/crtn.o
OUTPUT(Firmware.elf elf32-littlearm)

.debug_info     0x0000000000000000    0x17009
 .debug_info    0x0000000000000000      0xc11 Core/Src/fatfs_sd.o
 .debug_info    0x0000000000000c11     0x2512 Core/Src/main.o
 .debug_info    0x0000000000003123     0x1496 Core/Src/stm32f4xx_hal_msp.o
 .debug_info    0x00000000000045b9      0x750 Core/Src/stm32f4xx_it.o
 .debug_info    0x0000000000004d09      0x91c Core/Src/sysmem.o
 .debug_info    0x0000000000005625      0x588 Core/Src/system_stm32f4xx.o
 .debug_info    0x0000000000005bad       0x22 Core/Startup/startup_stm32f446zetx.o
 .debug_info    0x0000000000005bcf      0x997 Drivers/STM32F4xx_HAL_Driver/Src/stm32f4xx_hal.o
 .debug_info    0x0000000000006566      0xcee Drivers/STM32F4xx_HAL_Driver/Src/stm32f4xx_hal_adc.o
 .debug_info    0x0000000000007254      0xe46 Drivers/STM32F4xx_HAL_Driver/Src/stm32f4xx_hal_cortex.o
 .debug_info    0x000000000000809a      0x968 Drivers/STM32F4xx_HAL_Driver/Src/stm32f4xx_hal_dma.o
 .debug_info    0x0000000000008a02      0x803 Drivers/STM32F4xx_HAL_Driver/Src/stm32f4xx_hal_gpio.o
 .debug_info    0x0000000000009205      0x944 Drivers/STM32F4xx_HAL_Driver/Src/stm32f4xx_hal_rcc.o
 .debug_info    0x0000000000009b49      0x9d5 Drivers/STM32F4xx_HAL_Driver/Src/stm32f4xx_hal_rcc_ex.o
 .debug_info    0x000000000000a51e     0x163a Drivers/STM32F4xx_HAL_Driver/Src/stm32f4xx_hal_spi.o
 .debug_info    0x000000000000bb58     0x24a9 Drivers/STM32F4xx_HAL_Driver/Src/stm32f4xx_hal_tim.o
 .debug_info    0x000000000000e001     0x1157 Drivers/STM32F4xx_HAL_Driver/Src/stm32f4xx_hal_tim_ex.o
 .debug_info    0x000000000000f158     0x124c Drivers/STM32F4xx_HAL_Driver/Src/stm32f4xx_hal_uart.o
 .debug_info    0x00000000000103a4      0xdaa FATFS/App/fatfs.o
 .debug_info    0x000000000001114e      0xc6a FATFS/Target/user_diskio.o
 .debug_info    0x0000000000011db8      0xcdc Middlewares/Third_Party/FatFs/src/diskio.o
 .debug_info    0x0000000000012a94     0x2e3a Middlewares/Third_Party/FatFs/src/ff.o
 .debug_info    0x00000000000158ce      0xc74 Middlewares/Third_Party/FatFs/src/ff_gen_drv.o
 .debug_info    0x0000000000016542      0xac7 Middlewares/Third_Party/FatFs/src/option/ccsbcs.o

.debug_abbrev   0x0000000000000000     0x3043
 .debug_abbrev  0x0000000000000000      0x262 Core/Src/fatfs_sd.o
 .debug_abbrev  0x0000000000000262      0x36b Core/Src/main.o
 .debug_abbrev  0x00000000000005cd      0x1de Core/Src/stm32f4xx_hal_msp.o
 .debug_abbrev  0x00000000000007ab      0x16b Core/Src/stm32f4xx_it.o
 .debug_abbrev  0x0000000000000916      0x1bb Core/Src/sysmem.o
 .debug_abbrev  0x0000000000000ad1      0x12b Core/Src/system_stm32f4xx.o
 .debug_abbrev  0x0000000000000bfc       0x12 Core/Startup/startup_stm32f446zetx.o
 .debug_abbrev  0x0000000000000c0e      0x1c7 Drivers/STM32F4xx_HAL_Driver/Src/stm32f4xx_hal.o
 .debug_abbrev  0x0000000000000dd5      0x205 Drivers/STM32F4xx_HAL_Driver/Src/stm32f4xx_hal_adc.o
 .debug_abbrev  0x0000000000000fda      0x2fa Drivers/STM32F4xx_HAL_Driver/Src/stm32f4xx_hal_cortex.o
 .debug_abbrev  0x00000000000012d4      0x229 Drivers/STM32F4xx_HAL_Driver/Src/stm32f4xx_hal_dma.o
 .debug_abbrev  0x00000000000014fd      0x1c9 Drivers/STM32F4xx_HAL_Driver/Src/stm32f4xx_hal_gpio.o
 .debug_abbrev  0x00000000000016c6      0x245 Drivers/STM32F4xx_HAL_Driver/Src/stm32f4xx_hal_rcc.o
 .debug_abbrev  0x000000000000190b      0x1bc Drivers/STM32F4xx_HAL_Driver/Src/stm32f4xx_hal_rcc_ex.o
 .debug_abbrev  0x0000000000001ac7      0x240 Drivers/STM32F4xx_HAL_Driver/Src/stm32f4xx_hal_spi.o
 .debug_abbrev  0x0000000000001d07      0x230 Drivers/STM32F4xx_HAL_Driver/Src/stm32f4xx_hal_tim.o
 .debug_abbrev  0x0000000000001f37      0x21e Drivers/STM32F4xx_HAL_Driver/Src/stm32f4xx_hal_tim_ex.o
 .debug_abbrev  0x0000000000002155      0x242 Drivers/STM32F4xx_HAL_Driver/Src/stm32f4xx_hal_uart.o
 .debug_abbrev  0x0000000000002397      0x1df FATFS/App/fatfs.o
 .debug_abbrev  0x0000000000002576      0x207 FATFS/Target/user_diskio.o
 .debug_abbrev  0x000000000000277d      0x209 Middlewares/Third_Party/FatFs/src/diskio.o
 .debug_abbrev  0x0000000000002986      0x298 Middlewares/Third_Party/FatFs/src/ff.o
 .debug_abbrev  0x0000000000002c1e      0x236 Middlewares/Third_Party/FatFs/src/ff_gen_drv.o
 .debug_abbrev  0x0000000000002e54      0x1ef Middlewares/Third_Party/FatFs/src/option/ccsbcs.o

.debug_aranges  0x0000000000000000     0x1330
 .debug_aranges
                0x0000000000000000       0xa0 Core/Src/fatfs_sd.o
 .debug_aranges
                0x00000000000000a0       0x90 Core/Src/main.o
 .debug_aranges
                0x0000000000000130       0x60 Core/Src/stm32f4xx_hal_msp.o
 .debug_aranges
                0x0000000000000190       0x78 Core/Src/stm32f4xx_it.o
 .debug_aranges
                0x0000000000000208       0x20 Core/Src/sysmem.o
 .debug_aranges
                0x0000000000000228       0x28 Core/Src/system_stm32f4xx.o
 .debug_aranges
                0x0000000000000250       0x28 Core/Startup/startup_stm32f446zetx.o
 .debug_aranges
                0x0000000000000278       0xf0 Drivers/STM32F4xx_HAL_Driver/Src/stm32f4xx_hal.o
 .debug_aranges
                0x0000000000000368       0xe8 Drivers/STM32F4xx_HAL_Driver/Src/stm32f4xx_hal_adc.o
 .debug_aranges
                0x0000000000000450      0x118 Drivers/STM32F4xx_HAL_Driver/Src/stm32f4xx_hal_cortex.o
 .debug_aranges
                0x0000000000000568       0x90 Drivers/STM32F4xx_HAL_Driver/Src/stm32f4xx_hal_dma.o
 .debug_aranges
                0x00000000000005f8       0x58 Drivers/STM32F4xx_HAL_Driver/Src/stm32f4xx_hal_gpio.o
 .debug_aranges
                0x0000000000000650       0x88 Drivers/STM32F4xx_HAL_Driver/Src/stm32f4xx_hal_rcc.o
 .debug_aranges
                0x00000000000006d8       0x78 Drivers/STM32F4xx_HAL_Driver/Src/stm32f4xx_hal_rcc_ex.o
 .debug_aranges
                0x0000000000000750      0x1d0 Drivers/STM32F4xx_HAL_Driver/Src/stm32f4xx_hal_spi.o
 .debug_aranges
                0x0000000000000920      0x3a8 Drivers/STM32F4xx_HAL_Driver/Src/stm32f4xx_hal_tim.o
 .debug_aranges
                0x0000000000000cc8      0x150 Drivers/STM32F4xx_HAL_Driver/Src/stm32f4xx_hal_tim_ex.o
 .debug_aranges
                0x0000000000000e18      0x1d0 Drivers/STM32F4xx_HAL_Driver/Src/stm32f4xx_hal_uart.o
 .debug_aranges
                0x0000000000000fe8       0x28 FATFS/App/fatfs.o
 .debug_aranges
                0x0000000000001010       0x40 FATFS/Target/user_diskio.o
 .debug_aranges
                0x0000000000001050       0x48 Middlewares/Third_Party/FatFs/src/diskio.o
 .debug_aranges
                0x0000000000001098      0x230 Middlewares/Third_Party/FatFs/src/ff.o
 .debug_aranges
                0x00000000000012c8       0x40 Middlewares/Third_Party/FatFs/src/ff_gen_drv.o
 .debug_aranges
                0x0000000000001308       0x28 Middlewares/Third_Party/FatFs/src/option/ccsbcs.o

.debug_ranges   0x0000000000000000     0x11b8
 .debug_ranges  0x0000000000000000       0x90 Core/Src/fatfs_sd.o
 .debug_ranges  0x0000000000000090       0x80 Core/Src/main.o
 .debug_ranges  0x0000000000000110       0x50 Core/Src/stm32f4xx_hal_msp.o
 .debug_ranges  0x0000000000000160       0x68 Core/Src/stm32f4xx_it.o
 .debug_ranges  0x00000000000001c8       0x10 Core/Src/sysmem.o
 .debug_ranges  0x00000000000001d8       0x18 Core/Src/system_stm32f4xx.o
 .debug_ranges  0x00000000000001f0       0x20 Core/Startup/startup_stm32f446zetx.o
 .debug_ranges  0x0000000000000210       0xe0 Drivers/STM32F4xx_HAL_Driver/Src/stm32f4xx_hal.o
 .debug_ranges  0x00000000000002f0       0xd8 Drivers/STM32F4xx_HAL_Driver/Src/stm32f4xx_hal_adc.o
 .debug_ranges  0x00000000000003c8      0x108 Drivers/STM32F4xx_HAL_Driver/Src/stm32f4xx_hal_cortex.o
 .debug_ranges  0x00000000000004d0       0x80 Drivers/STM32F4xx_HAL_Driver/Src/stm32f4xx_hal_dma.o
 .debug_ranges  0x0000000000000550       0x48 Drivers/STM32F4xx_HAL_Driver/Src/stm32f4xx_hal_gpio.o
 .debug_ranges  0x0000000000000598       0x78 Drivers/STM32F4xx_HAL_Driver/Src/stm32f4xx_hal_rcc.o
 .debug_ranges  0x0000000000000610       0x68 Drivers/STM32F4xx_HAL_Driver/Src/stm32f4xx_hal_rcc_ex.o
 .debug_ranges  0x0000000000000678      0x1c0 Drivers/STM32F4xx_HAL_Driver/Src/stm32f4xx_hal_spi.o
 .debug_ranges  0x0000000000000838      0x398 Drivers/STM32F4xx_HAL_Driver/Src/stm32f4xx_hal_tim.o
 .debug_ranges  0x0000000000000bd0      0x140 Drivers/STM32F4xx_HAL_Driver/Src/stm32f4xx_hal_tim_ex.o
 .debug_ranges  0x0000000000000d10      0x1c0 Drivers/STM32F4xx_HAL_Driver/Src/stm32f4xx_hal_uart.o
 .debug_ranges  0x0000000000000ed0       0x18 FATFS/App/fatfs.o
 .debug_ranges  0x0000000000000ee8       0x30 FATFS/Target/user_diskio.o
 .debug_ranges  0x0000000000000f18       0x38 Middlewares/Third_Party/FatFs/src/diskio.o
 .debug_ranges  0x0000000000000f50      0x220 Middlewares/Third_Party/FatFs/src/ff.o
 .debug_ranges  0x0000000000001170       0x30 Middlewares/Third_Party/FatFs/src/ff_gen_drv.o
 .debug_ranges  0x00000000000011a0       0x18 Middlewares/Third_Party/FatFs/src/option/ccsbcs.o

.debug_macro    0x0000000000000000    0x2470f
 .debug_macro   0x0000000000000000      0x230 Core/Src/fatfs_sd.o
 .debug_macro   0x0000000000000230      0xa5a Core/Src/fatfs_sd.o
 .debug_macro   0x0000000000000c8a      0x196 Core/Src/fatfs_sd.o
 .debug_macro   0x0000000000000e20       0x32 Core/Src/fatfs_sd.o
 .debug_macro   0x0000000000000e52       0x28 Core/Src/fatfs_sd.o
 .debug_macro   0x0000000000000e7a       0x22 Core/Src/fatfs_sd.o
 .debug_macro   0x0000000000000e9c       0x8e Core/Src/fatfs_sd.o
 .debug_macro   0x0000000000000f2a       0x51 Core/Src/fatfs_sd.o
 .debug_macro   0x0000000000000f7b       0xef Core/Src/fatfs_sd.o
 .debug_macro   0x000000000000106a       0x6a Core/Src/fatfs_sd.o
 .debug_macro   0x00000000000010d4      0x1df Core/Src/fatfs_sd.o
 .debug_macro   0x00000000000012b3       0x1c Core/Src/fatfs_sd.o
 .debug_macro   0x00000000000012cf       0x22 Core/Src/fatfs_sd.o
 .debug_macro   0x00000000000012f1       0xdf Core/Src/fatfs_sd.o
 .debug_macro   0x00000000000013d0     0x102d Core/Src/fatfs_sd.o
 .debug_macro   0x00000000000023fd      0x11f Core/Src/fatfs_sd.o
 .debug_macro   0x000000000000251c    0x1672d Core/Src/fatfs_sd.o
 .debug_macro   0x0000000000018c49       0x43 Core/Src/fatfs_sd.o
 .debug_macro   0x0000000000018c8c     0x3652 Core/Src/fatfs_sd.o
 .debug_macro   0x000000000001c2de      0x174 Core/Src/fatfs_sd.o
 .debug_macro   0x000000000001c452       0x5a Core/Src/fatfs_sd.o
 .debug_macro   0x000000000001c4ac      0xc90 Core/Src/fatfs_sd.o
 .debug_macro   0x000000000001d13c      0x9fe Core/Src/fatfs_sd.o
 .debug_macro   0x000000000001db3a      0x16d Core/Src/fatfs_sd.o
 .debug_macro   0x000000000001dca7      0x117 Core/Src/fatfs_sd.o
 .debug_macro   0x000000000001ddbe      0x1a0 Core/Src/fatfs_sd.o
 .debug_macro   0x000000000001df5e       0x27 Core/Src/fatfs_sd.o
 .debug_macro   0x000000000001df85      0x287 Core/Src/fatfs_sd.o
 .debug_macro   0x000000000001e20c       0x5f Core/Src/fatfs_sd.o
 .debug_macro   0x000000000001e26b      0x236 Core/Src/fatfs_sd.o
 .debug_macro   0x000000000001e4a1      0x391 Core/Src/fatfs_sd.o
 .debug_macro   0x000000000001e832      0x17d Core/Src/fatfs_sd.o
 .debug_macro   0x000000000001e9af       0xf9 Core/Src/fatfs_sd.o
 .debug_macro   0x000000000001eaa8      0x132 Core/Src/fatfs_sd.o
 .debug_macro   0x000000000001ebda      0x29c Core/Src/fatfs_sd.o
 .debug_macro   0x000000000001ee76       0x2e Core/Src/fatfs_sd.o
 .debug_macro   0x000000000001eea4      0x11a Core/Src/fatfs_sd.o
 .debug_macro   0x000000000001efbe       0xe8 Core/Src/fatfs_sd.o
 .debug_macro   0x000000000001f0a6       0x89 Core/Src/fatfs_sd.o
 .debug_macro   0x000000000001f12f      0x225 Core/Src/fatfs_sd.o
 .debug_macro   0x000000000001f354      0x8a0 Core/Src/fatfs_sd.o
 .debug_macro   0x000000000001fbf4       0x4d Core/Src/fatfs_sd.o
 .debug_macro   0x000000000001fc41      0x287 Core/Src/fatfs_sd.o
 .debug_macro   0x000000000001fec8      0x126 Core/Src/fatfs_sd.o
 .debug_macro   0x000000000001ffee       0x16 Core/Src/fatfs_sd.o
 .debug_macro   0x0000000000020004       0x7c Core/Src/fatfs_sd.o
 .debug_macro   0x0000000000020080       0x6a Core/Src/fatfs_sd.o
 .debug_macro   0x00000000000200ea      0x351 Core/Src/main.o
 .debug_macro   0x000000000002043b       0x34 Core/Src/main.o
 .debug_macro   0x000000000002046f       0xeb Core/Src/main.o
 .debug_macro   0x000000000002055a       0x18 Core/Src/main.o
 .debug_macro   0x0000000000020572       0x46 Core/Src/main.o
 .debug_macro   0x00000000000205b8       0x3c Core/Src/main.o
 .debug_macro   0x00000000000205f4       0x34 Core/Src/main.o
 .debug_macro   0x0000000000020628       0x16 Core/Src/main.o
 .debug_macro   0x000000000002063e       0x35 Core/Src/main.o
 .debug_macro   0x0000000000020673       0x52 Core/Src/main.o
 .debug_macro   0x00000000000206c5       0x1f Core/Src/main.o
 .debug_macro   0x00000000000206e4       0x43 Core/Src/main.o
 .debug_macro   0x0000000000020727       0x20 Core/Src/main.o
 .debug_macro   0x0000000000020747      0x1a3 Core/Src/main.o
 .debug_macro   0x00000000000208ea      0x32a Core/Src/main.o
 .debug_macro   0x0000000000020c14       0x16 Core/Src/main.o
 .debug_macro   0x0000000000020c2a       0x29 Core/Src/main.o
 .debug_macro   0x0000000000020c53       0x12 Core/Src/main.o
 .debug_macro   0x0000000000020c65       0xe2 Core/Src/main.o
 .debug_macro   0x0000000000020d47       0x8e Core/Src/main.o
 .debug_macro   0x0000000000020dd5       0x16 Core/Src/main.o
 .debug_macro   0x0000000000020deb       0x20 Core/Src/main.o
 .debug_macro   0x0000000000020e0b      0x200 Core/Src/stm32f4xx_hal_msp.o
 .debug_macro   0x000000000002100b      0x20a Core/Src/stm32f4xx_it.o
 .debug_macro   0x0000000000021215      0x1ae Core/Src/sysmem.o
 .debug_macro   0x00000000000213c3      0x23b Core/Src/sysmem.o
 .debug_macro   0x00000000000215fe       0x16 Core/Src/sysmem.o
 .debug_macro   0x0000000000021614      0x1f7 Core/Src/system_stm32f4xx.o
 .debug_macro   0x000000000002180b      0x251 Drivers/STM32F4xx_HAL_Driver/Src/stm32f4xx_hal.o
 .debug_macro   0x0000000000021a5c      0x1f2 Drivers/STM32F4xx_HAL_Driver/Src/stm32f4xx_hal_adc.o
 .debug_macro   0x0000000000021c4e      0x1f1 Drivers/STM32F4xx_HAL_Driver/Src/stm32f4xx_hal_cortex.o
 .debug_macro   0x0000000000021e3f      0x1f7 Drivers/STM32F4xx_HAL_Driver/Src/stm32f4xx_hal_dma.o
 .debug_macro   0x0000000000022036      0x227 Drivers/STM32F4xx_HAL_Driver/Src/stm32f4xx_hal_gpio.o
 .debug_macro   0x000000000002225d      0x215 Drivers/STM32F4xx_HAL_Driver/Src/stm32f4xx_hal_rcc.o
 .debug_macro   0x0000000000022472      0x1f1 Drivers/STM32F4xx_HAL_Driver/Src/stm32f4xx_hal_rcc_ex.o
 .debug_macro   0x0000000000022663      0x200 Drivers/STM32F4xx_HAL_Driver/Src/stm32f4xx_hal_spi.o
 .debug_macro   0x0000000000022863      0x1f2 Drivers/STM32F4xx_HAL_Driver/Src/stm32f4xx_hal_tim.o
 .debug_macro   0x0000000000022a55      0x1f1 Drivers/STM32F4xx_HAL_Driver/Src/stm32f4xx_hal_tim_ex.o
 .debug_macro   0x0000000000022c46      0x1f2 Drivers/STM32F4xx_HAL_Driver/Src/stm32f4xx_hal_uart.o
 .debug_macro   0x0000000000022e38      0x318 FATFS/App/fatfs.o
 .debug_macro   0x0000000000023150       0xe5 FATFS/App/fatfs.o
 .debug_macro   0x0000000000023235      0x335 FATFS/Target/user_diskio.o
 .debug_macro   0x000000000002356a       0x10 FATFS/Target/user_diskio.o
 .debug_macro   0x000000000002357a       0xd9 FATFS/Target/user_diskio.o
 .debug_macro   0x0000000000023653       0x54 FATFS/Target/user_diskio.o
 .debug_macro   0x00000000000236a7      0x305 Middlewares/Third_Party/FatFs/src/diskio.o
 .debug_macro   0x00000000000239ac      0x713 Middlewares/Third_Party/FatFs/src/ff.o
 .debug_macro   0x00000000000240bf       0x58 Middlewares/Third_Party/FatFs/src/ff.o
 .debug_macro   0x0000000000024117      0x305 Middlewares/Third_Party/FatFs/src/ff_gen_drv.o
 .debug_macro   0x000000000002441c      0x2f3 Middlewares/Third_Party/FatFs/src/option/ccsbcs.o

.debug_line     0x0000000000000000    0x10cc8
 .debug_line    0x0000000000000000      0xa6a Core/Src/fatfs_sd.o
 .debug_line    0x0000000000000a6a      0xaf7 Core/Src/main.o
 .debug_line    0x0000000000001561      0x7d0 Core/Src/stm32f4xx_hal_msp.o
 .debug_line    0x0000000000001d31      0x7e9 Core/Src/stm32f4xx_it.o
 .debug_line    0x000000000000251a      0x55e Core/Src/sysmem.o
 .debug_line    0x0000000000002a78      0x724 Core/Src/system_stm32f4xx.o
 .debug_line    0x000000000000319c       0x86 Core/Startup/startup_stm32f446zetx.o
 .debug_line    0x0000000000003222      0x90e Drivers/STM32F4xx_HAL_Driver/Src/stm32f4xx_hal.o
 .debug_line    0x0000000000003b30      0xb75 Drivers/STM32F4xx_HAL_Driver/Src/stm32f4xx_hal_adc.o
 .debug_line    0x00000000000046a5      0xa32 Drivers/STM32F4xx_HAL_Driver/Src/stm32f4xx_hal_cortex.o
 .debug_line    0x00000000000050d7      0x9dc Drivers/STM32F4xx_HAL_Driver/Src/stm32f4xx_hal_dma.o
 .debug_line    0x0000000000005ab3      0x8d9 Drivers/STM32F4xx_HAL_Driver/Src/stm32f4xx_hal_gpio.o
 .debug_line    0x000000000000638c      0x966 Drivers/STM32F4xx_HAL_Driver/Src/stm32f4xx_hal_rcc.o
 .debug_line    0x0000000000006cf2      0xaf7 Drivers/STM32F4xx_HAL_Driver/Src/stm32f4xx_hal_rcc_ex.o
 .debug_line    0x00000000000077e9     0x10c1 Drivers/STM32F4xx_HAL_Driver/Src/stm32f4xx_hal_spi.o
 .debug_line    0x00000000000088aa     0x1987 Drivers/STM32F4xx_HAL_Driver/Src/stm32f4xx_hal_tim.o
 .debug_line    0x000000000000a231      0xd24 Drivers/STM32F4xx_HAL_Driver/Src/stm32f4xx_hal_tim_ex.o
 .debug_line    0x000000000000af55     0x101c Drivers/STM32F4xx_HAL_Driver/Src/stm32f4xx_hal_uart.o
 .debug_line    0x000000000000bf71      0x8e1 FATFS/App/fatfs.o
 .debug_line    0x000000000000c852      0x928 FATFS/Target/user_diskio.o
 .debug_line    0x000000000000d17a      0x90b Middlewares/Third_Party/FatFs/src/diskio.o
 .debug_line    0x000000000000da85     0x2003 Middlewares/Third_Party/FatFs/src/ff.o
 .debug_line    0x000000000000fa88      0x909 Middlewares/Third_Party/FatFs/src/ff_gen_drv.o
 .debug_line    0x0000000000010391      0x937 Middlewares/Third_Party/FatFs/src/option/ccsbcs.o

.debug_str      0x0000000000000000    0xd7cd3
 .debug_str     0x0000000000000000    0xcd929 Core/Src/fatfs_sd.o
                                      0xcdc51 (size before relaxing)
 .debug_str     0x00000000000cd929     0x4537 Core/Src/main.o
                                      0xd21ab (size before relaxing)
 .debug_str     0x00000000000d1e60       0xd5 Core/Src/stm32f4xx_hal_msp.o
                                      0xce4b4 (size before relaxing)
 .debug_str     0x00000000000d1f35      0x101 Core/Src/stm32f4xx_it.o
                                      0xcd936 (size before relaxing)
 .debug_str     0x00000000000d2036     0x16ca Core/Src/sysmem.o
                                       0x7af2 (size before relaxing)
 .debug_str     0x00000000000d3700       0xc4 Core/Src/system_stm32f4xx.o
                                      0xcd53a (size before relaxing)
 .debug_str     0x00000000000d37c4       0x36 Core/Startup/startup_stm32f446zetx.o
                                         0x74 (size before relaxing)
 .debug_str     0x00000000000d37fa      0x58d Drivers/STM32F4xx_HAL_Driver/Src/stm32f4xx_hal.o
                                      0xce048 (size before relaxing)
 .debug_str     0x00000000000d3d87      0x267 Drivers/STM32F4xx_HAL_Driver/Src/stm32f4xx_hal_adc.o
                                      0xcdaac (size before relaxing)
 .debug_str     0x00000000000d3fee      0x392 Drivers/STM32F4xx_HAL_Driver/Src/stm32f4xx_hal_cortex.o
                                      0xcde12 (size before relaxing)
 .debug_str     0x00000000000d4380      0x31d Drivers/STM32F4xx_HAL_Driver/Src/stm32f4xx_hal_dma.o
                                      0xcd92a (size before relaxing)
 .debug_str     0x00000000000d469d      0x20c Drivers/STM32F4xx_HAL_Driver/Src/stm32f4xx_hal_gpio.o
                                      0xcd779 (size before relaxing)
 .debug_str     0x00000000000d48a9      0x259 Drivers/STM32F4xx_HAL_Driver/Src/stm32f4xx_hal_rcc.o
                                      0xcd92c (size before relaxing)
 .debug_str     0x00000000000d4b02      0x324 Drivers/STM32F4xx_HAL_Driver/Src/stm32f4xx_hal_rcc_ex.o
                                      0xcd97e (size before relaxing)