16:57:23 **** Incremental Build of configuration Debug for project Firmware ****
make -j8 all 
arm-none-eabi-gcc "../Core/Src/main.c" -mcpu=cortex-m4 -std=gnu11 -g3 -DUSE_HAL_DRIVER -DSTM32F446xx -DDEBUG -c -I../FATFS/App -I../Drivers/CMSIS/Include -I../Drivers/STM32F4xx_HAL_Driver/Inc -I../Core/Inc -I../Drivers/CMSIS/Device/ST/STM32F4xx/Include -I../FATFS/Target -I../Drivers/STM32F4xx_HAL_Driver/Inc/Legacy -I../Middlewares/Third_Party/FatFs/src -O0 -ffunction-sections -fdata-sections -Wall -fstack-usage -MMD -MP -MF"Core/Src/main.d" -MT"Core/Src/main.o" --specs=nano.specs -mfpu=fpv4-sp-d16 -mfloat-abi=hard -mthumb -o "Core/Src/main.o"
../Core/Src/main.c: In function 'get_time':
../Core/Src/main.c:128:2: warning: implicit declaration of function 'sprintf' [-Wimplicit-function-declaration]
  sprintf((char*) timestamp, "%02d:%02d:%02d %02d-%02d-%2d", gTime.Hours,
  ^~~~~~~
../Core/Src/main.c:128:2: warning: incompatible implicit declaration of built-in function 'sprintf'
../Core/Src/main.c:128:2: note: include '<stdio.h>' or provide a declaration of 'sprintf'
../Core/Src/main.c: In function 'main':
../Core/Src/main.c:213:3: warning: incompatible implicit declaration of built-in function 'sprintf'
   sprintf(test, "%d,%d\n", A0, A1);
   ^~~~~~~
../Core/Src/main.c:213:3: note: include '<stdio.h>' or provide a declaration of 'sprintf'
../Core/Src/main.c:213:11: warning: passing argument 1 of 'sprintf' from incompatible pointer type [-Wincompatible-pointer-types]
   sprintf(test, "%d,%d\n", A0, A1);
           ^~~~
../Core/Src/main.c:213:11: note: expected 'char *' but argument is of type 'char **'
../Core/Src/main.c:213:19: warning: format '%d' expects argument of type 'int', but argument 3 has type 'uint32_t {aka long unsigned int}' [-Wformat=]
   sprintf(test, "%d,%d\n", A0, A1);
                  ~^
                  %ld
../Core/Src/main.c:213:22: warning: format '%d' expects argument of type 'int', but argument 4 has type 'uint32_t {aka long unsigned int}' [-Wformat=]
   sprintf(test, "%d,%d\n", A0, A1);
                     ~^
                     %ld
../Core/Src/main.c:216:40: warning: passing argument 1 of 'strlen' from incompatible pointer type [-Wincompatible-pointer-types]
   fresult = f_write(&fil, test, strlen(test), &bw);
                                        ^~~~
In file included from ../Core/Src/main.c:28:0:
c:\st\stm32cubeide_1.1.0\stm32cubeide\plugins\com.st.stm32cube.ide.mcu.externaltools.gnu-tools-for-stm32.7-2018-q2-update.win32_1.0.0.201904181610\tools\arm-none-eabi\include\string.h:41:9: note: expected 'const char *' but argument is of type 'char **'
 size_t  strlen (const char *);
         ^~~~~~
arm-none-eabi-gcc -o "Firmware.elf" @"objects.list"   -mcpu=cortex-m4 -T"C:\Users\parki\Documents\GitHub\SRDAQ_Firmware\Firmware\STM32F446ZETX_FLASH.ld" --specs=nosys.specs -Wl,-Map="Firmware.map" -Wl,--gc-sections -static --specs=nano.specs -mfpu=fpv4-sp-d16 -mfloat-abi=hard -mthumb -Wl,--start-group -lc -lm -Wl,--end-group
Finished building target: Firmware.elf
 
arm-none-eabi-objdump -h -S  Firmware.elf  > "Firmware.list"
arm-none-eabi-size   Firmware.elf 
   text	   data	    bss	    dec	    hex	filename
  42532	    144	  28464	  71140	  115e4	Firmware.elf
Finished building: default.size.stdout
 
Finished building: Firmware.list
 

16:57:26 Build Finished. 0 errors, 7 warnings. (took 2s.748ms)

